20:13:40 **** Incremental Build of configuration Default for project FreeRTOSDemo ****
make -j22 all 
arm-none-eabi-gcc -I./../../../..//Source/include -I./../../../..//Source/portable/GCC/ARM_CM3 -I./../../../..//Demo/Common/include -I./ESAT_MasterSlave -I./../../../..//Demo/CORTEX_MPS2_QEMU_IAR_GCC -I./../../../..//Demo/CORTEX_MPS2_QEMU_IAR_GCC/CMSIS -I./ESAT_MasterSlave -nostartfiles -ffreestanding -mthumb -mcpu=cortex-m3 -Wall -Wextra -g3 -O0 -ffunction-sections -fdata-sections -MMD -MP -MF"output/ESAT_Master.d" -MT output/ESAT_Master.o -c ./ESAT_MasterSlave/ESAT_Master.c -o output/ESAT_Master.o
arm-none-eabi-gcc -I./../../../..//Source/include -I./../../../..//Source/portable/GCC/ARM_CM3 -I./../../../..//Demo/Common/include -I./ESAT_MasterSlave -I./../../../..//Demo/CORTEX_MPS2_QEMU_IAR_GCC -I./../../../..//Demo/CORTEX_MPS2_QEMU_IAR_GCC/CMSIS -I./ESAT_MasterSlave -nostartfiles -ffreestanding -mthumb -mcpu=cortex-m3 -Wall -Wextra -g3 -O0 -ffunction-sections -fdata-sections -MMD -MP -MF"output/ESAT_Slave.d" -MT output/ESAT_Slave.o -c ./ESAT_MasterSlave/ESAT_Slave.c -o output/ESAT_Slave.o
./ESAT_MasterSlave/ESAT_Master.c: In function 'ESAT_MasterRespond':
./ESAT_MasterSlave/ESAT_Master.c:87:58: warning: format '%d' expects argument of type 'int', but argument 2 has type 'uint32_t' {aka 'long unsigned int'} [-Wformat=]
   87 |     printf( "ESAT_Master report SLAVE operation RESULT= %d \r\n", s_Response->u32_operationResult );
      |                                                         ~^        ~~~~~~~~~~~~~~~~~~~~~~~~~~~~~~~
      |                                                          |                  |
      |                                                          int                uint32_t {aka long unsigned int}
      |                                                         %ld
./ESAT_MasterSlave/ESAT_Master.c: In function 'ESAT_MasterSM':
./ESAT_MasterSlave/ESAT_Master.c:152:51: warning: format '%d' expects argument of type 'int', but argument 2 has type 'uint32_t' {aka 'long unsigned int'} [-Wformat=]
  152 |      printf( "ESAT_Master report Slave ERROR ID: %d \r\n", s_SlaveResponse->u32_operationResult );
      |                                                  ~^        ~~~~~~~~~~~~~~~~~~~~~~~~~~~~~~~~~~~~
      |                                                   |                       |
      |                                                   int                     uint32_t {aka long unsigned int}
      |                                                  %ld


--- Final linking ---

arm-none-eabi-gcc ./output/tasks.o ./output/list.o ./output/queue.o ./output/timers.o ./output/event_groups.o ./output/stream_buffer.o ./output/heap_4.o ./output/port.o ./output/AbortDelay.o ./output/BlockQ.o ./output/blocktim.o ./output/countsem.o ./output/death.o ./output/dynamic.o ./output/EventGroupsDemo.o ./output/GenQTest.o ./output/integer.o ./output/IntQueue.o ./output/IntQueueTimer.o ./output/IntSemTest.o ./output/MessageBufferAMP.o ./output/MessageBufferDemo.o ./output/PollQ.o ./output/QPeek.o ./output/QueueOverwrite.o ./output/QueueSet.o ./output/QueueSetPolling.o ./output/recmutex.o ./output/semtest.o ./output/StaticAllocation.o ./output/StreamBufferDemo.o ./output/StreamBufferInterrupt.o ./output/TaskNotify.o ./output/TaskNotifyArray.o ./output/TimerDemo.o ./output/ESAT_Master.o ./output/ESAT_Slave.o ./output/main.o ./output/main_blinky.o ./output/main_full.o ./output/startup_gcc.o ./output/printf-stdarg.o -I./../../../..//Source/include -I./../../../..//Source/portable/GCC/ARM_CM3 -I./../../../..//Demo/Common/include -I./ESAT_MasterSlave -I./../../../..//Demo/CORTEX_MPS2_QEMU_IAR_GCC -I./../../../..//Demo/CORTEX_MPS2_QEMU_IAR_GCC/CMSIS -I./ESAT_MasterSlave -nostartfiles -ffreestanding -mthumb -mcpu=cortex-m3 -Wall -Wextra -g3 -O0 -ffunction-sections -fdata-sections -MMD -MP -MF"output/RTOSDemo.out" -MT output/RTOSDemo.out -Xlinker --wrap=malloc -Xlinker --gc-sections -Xlinker -T ./mps2_m3.ld \
		-Xlinker -Map=./output/RTOSDemo.map -specs=nano.specs \
		-specs=nosys.specs -specs=rdimon.specs -o ./output/RTOSDemo.out
arm-none-eabi-size ./output/RTOSDemo.out		
   text	   data	    bss	    dec	    hex	filename
  22568	    244	  65430	  88242	  158b2	./output/RTOSDemo.out

20:13:50 Build Finished. 0 errors, 2 warnings. (took 10s.807ms)

20:13:56 **** Incremental Build of configuration Default for project FreeRTOSDemo ****
make -j22 all 
make: Nothing to be done for `all'.
