Archive member included to satisfy reference by file (symbol)

d:/workspaces/esat/freertos_esat_masterslave/tools/mingw/gnu_arm_embedded_toolchain/10 2021.10/bin/../lib/gcc/arm-none-eabi/10.3.1/../../../../arm-none-eabi/lib/thumb/v7-m/nofp\libg_nano.a(lib_a-fflush.o)
                              ./output/startup_gcc.o (fflush)
d:/workspaces/esat/freertos_esat_masterslave/tools/mingw/gnu_arm_embedded_toolchain/10 2021.10/bin/../lib/gcc/arm-none-eabi/10.3.1/../../../../arm-none-eabi/lib/thumb/v7-m/nofp\libg_nano.a(lib_a-findfp.o)
                              d:/workspaces/esat/freertos_esat_masterslave/tools/mingw/gnu_arm_embedded_toolchain/10 2021.10/bin/../lib/gcc/arm-none-eabi/10.3.1/../../../../arm-none-eabi/lib/thumb/v7-m/nofp\libg_nano.a(lib_a-fflush.o) (__sinit)
d:/workspaces/esat/freertos_esat_masterslave/tools/mingw/gnu_arm_embedded_toolchain/10 2021.10/bin/../lib/gcc/arm-none-eabi/10.3.1/../../../../arm-none-eabi/lib/thumb/v7-m/nofp\libg_nano.a(lib_a-fwalk.o)
                              d:/workspaces/esat/freertos_esat_masterslave/tools/mingw/gnu_arm_embedded_toolchain/10 2021.10/bin/../lib/gcc/arm-none-eabi/10.3.1/../../../../arm-none-eabi/lib/thumb/v7-m/nofp\libg_nano.a(lib_a-findfp.o) (_fwalk)
d:/workspaces/esat/freertos_esat_masterslave/tools/mingw/gnu_arm_embedded_toolchain/10 2021.10/bin/../lib/gcc/arm-none-eabi/10.3.1/../../../../arm-none-eabi/lib/thumb/v7-m/nofp\libg_nano.a(lib_a-impure.o)
                              d:/workspaces/esat/freertos_esat_masterslave/tools/mingw/gnu_arm_embedded_toolchain/10 2021.10/bin/../lib/gcc/arm-none-eabi/10.3.1/../../../../arm-none-eabi/lib/thumb/v7-m/nofp\libg_nano.a(lib_a-fflush.o) (_global_impure_ptr)
d:/workspaces/esat/freertos_esat_masterslave/tools/mingw/gnu_arm_embedded_toolchain/10 2021.10/bin/../lib/gcc/arm-none-eabi/10.3.1/../../../../arm-none-eabi/lib/thumb/v7-m/nofp\libg_nano.a(lib_a-lock.o)
                              d:/workspaces/esat/freertos_esat_masterslave/tools/mingw/gnu_arm_embedded_toolchain/10 2021.10/bin/../lib/gcc/arm-none-eabi/10.3.1/../../../../arm-none-eabi/lib/thumb/v7-m/nofp\libg_nano.a(lib_a-findfp.o) (__retarget_lock_init_recursive)
d:/workspaces/esat/freertos_esat_masterslave/tools/mingw/gnu_arm_embedded_toolchain/10 2021.10/bin/../lib/gcc/arm-none-eabi/10.3.1/../../../../arm-none-eabi/lib/thumb/v7-m/nofp\libg_nano.a(lib_a-memcmp.o)
                              ./output/MessageBufferDemo.o (memcmp)
d:/workspaces/esat/freertos_esat_masterslave/tools/mingw/gnu_arm_embedded_toolchain/10 2021.10/bin/../lib/gcc/arm-none-eabi/10.3.1/../../../../arm-none-eabi/lib/thumb/v7-m/nofp\libg_nano.a(lib_a-memcpy-stub.o)
                              ./output/queue.o (memcpy)
d:/workspaces/esat/freertos_esat_masterslave/tools/mingw/gnu_arm_embedded_toolchain/10 2021.10/bin/../lib/gcc/arm-none-eabi/10.3.1/../../../../arm-none-eabi/lib/thumb/v7-m/nofp\libg_nano.a(lib_a-memset.o)
                              ./output/tasks.o (memset)
d:/workspaces/esat/freertos_esat_masterslave/tools/mingw/gnu_arm_embedded_toolchain/10 2021.10/bin/../lib/gcc/arm-none-eabi/10.3.1/../../../../arm-none-eabi/lib/thumb/v7-m/nofp\libg_nano.a(lib_a-nano-freer.o)
                              d:/workspaces/esat/freertos_esat_masterslave/tools/mingw/gnu_arm_embedded_toolchain/10 2021.10/bin/../lib/gcc/arm-none-eabi/10.3.1/../../../../arm-none-eabi/lib/thumb/v7-m/nofp\libg_nano.a(lib_a-fflush.o) (_free_r)
d:/workspaces/esat/freertos_esat_masterslave/tools/mingw/gnu_arm_embedded_toolchain/10 2021.10/bin/../lib/gcc/arm-none-eabi/10.3.1/../../../../arm-none-eabi/lib/thumb/v7-m/nofp\libg_nano.a(lib_a-nano-mallocr.o)
                              d:/workspaces/esat/freertos_esat_masterslave/tools/mingw/gnu_arm_embedded_toolchain/10 2021.10/bin/../lib/gcc/arm-none-eabi/10.3.1/../../../../arm-none-eabi/lib/thumb/v7-m/nofp\libg_nano.a(lib_a-findfp.o) (_malloc_r)
d:/workspaces/esat/freertos_esat_masterslave/tools/mingw/gnu_arm_embedded_toolchain/10 2021.10/bin/../lib/gcc/arm-none-eabi/10.3.1/../../../../arm-none-eabi/lib/thumb/v7-m/nofp\libg_nano.a(lib_a-rand.o)
                              ./output/ESAT_Slave.o (srand)
d:/workspaces/esat/freertos_esat_masterslave/tools/mingw/gnu_arm_embedded_toolchain/10 2021.10/bin/../lib/gcc/arm-none-eabi/10.3.1/../../../../arm-none-eabi/lib/thumb/v7-m/nofp\libg_nano.a(lib_a-sbrkr.o)
                              d:/workspaces/esat/freertos_esat_masterslave/tools/mingw/gnu_arm_embedded_toolchain/10 2021.10/bin/../lib/gcc/arm-none-eabi/10.3.1/../../../../arm-none-eabi/lib/thumb/v7-m/nofp\libg_nano.a(lib_a-nano-mallocr.o) (_sbrk_r)
d:/workspaces/esat/freertos_esat_masterslave/tools/mingw/gnu_arm_embedded_toolchain/10 2021.10/bin/../lib/gcc/arm-none-eabi/10.3.1/../../../../arm-none-eabi/lib/thumb/v7-m/nofp\libg_nano.a(lib_a-stdio.o)
[...]
Memory Configuration

Name             Origin             Length             Attributes
FLASH            0x00000000         0x00400000         xr
RAM              0x20000000         0x00400000         rw
*default*        0x00000000         0xffffffff

Linker script and memory map

LOAD ./output/tasks.o
LOAD ./output/list.o
LOAD ./output/queue.o
LOAD ./output/timers.o
LOAD ./output/event_groups.o
LOAD ./output/stream_buffer.o
LOAD ./output/heap_4.o
LOAD ./output/port.o
LOAD ./output/AbortDelay.o
LOAD ./output/BlockQ.o
LOAD ./output/blocktim.o
LOAD ./output/countsem.o
LOAD ./output/death.o
LOAD ./output/dynamic.o
LOAD ./output/EventGroupsDemo.o
LOAD ./output/GenQTest.o
LOAD ./output/integer.o
LOAD ./output/IntQueue.o
LOAD ./output/IntQueueTimer.o
LOAD ./output/IntSemTest.o
LOAD ./output/MessageBufferAMP.o
LOAD ./output/MessageBufferDemo.o
LOAD ./output/PollQ.o
LOAD ./output/QPeek.o
LOAD ./output/QueueOverwrite.o
LOAD ./output/QueueSet.o
LOAD ./output/QueueSetPolling.o
LOAD ./output/recmutex.o
LOAD ./output/semtest.o
LOAD ./output/StaticAllocation.o
LOAD ./output/StreamBufferDemo.o
LOAD ./output/StreamBufferInterrupt.o
LOAD ./output/TaskNotify.o
LOAD ./output/TaskNotifyArray.o
LOAD ./output/TimerDemo.o
LOAD ./output/ESAT_Master.o
LOAD ./output/ESAT_Slave.o
LOAD ./output/main.o
LOAD ./output/main_esatms.o
LOAD ./output/main_full.o
LOAD ./output/startup_gcc.o
LOAD ./output/printf-stdarg.o
                0x00000008                _Min_Heap_Size = 0x8
                0x00000400                _Min_Stack_Size = 0x400
                0x20400000                _estack = (ORIGIN (RAM) + LENGTH (RAM))

.isr_vector     0x00000000       0x78
                0x00000000                __vector_table = .
 *(.isr_vector)
 .isr_vector    0x00000000       0x78 ./output/startup_gcc.o
                0x00000000                isr_vector
                0x00000078                . = ALIGN (0x4)

.text           0x00000078      0x4e6
 *(.text)
 .text          0x00000078       0x10 d:/workspaces/esat/freertos_esat_masterslave/tools/mingw/gnu_arm_embedded_toolchain/10 2021.10/bin/../lib/gcc/arm-none-eabi/10.3.1/../../../../arm-none-eabi/lib/thumb/v7-m/nofp\libg_nano.a(lib_a-strlen.o)
                0x00000078                strlen
 *(.rodata*)
 .rodata        0x00000088       0x25 ./output/tasks.o
 *fill*         0x000000ad        0x3 
 .rodata        0x000000b0       0x1e ./output/queue.o
 *fill*         0x000000ce        0x2 
 .rodata        0x000000d0       0x2d ./output/timers.o
 *fill*         0x000000fd        0x3 
 .rodata        0x00000100       0x30 ./output/heap_4.o
 .rodata        0x00000130       0x32 ./output/port.o
 *fill*         0x00000162        0x2 
 .rodata        0x00000164      0x16c ./output/ESAT_Master.o
 .rodata        0x000002d0       0x1f ./output/ESAT_Slave.o
 *fill*         0x000002ef        0x1 
 .rodata        0x000002f0       0x8f ./output/main.o
 *fill*         0x0000037f        0x1 
 .rodata        0x00000380       0x20 ./output/main_esatms.o
 .rodata        0x000003a0       0x36 ./output/startup_gcc.o
 *fill*         0x000003d6        0x2 
 .rodata        0x000003d8        0x7 ./output/printf-stdarg.o
 *fill*         0x000003df        0x1 
 .rodata.__sf_fake_stderr
                0x000003e0       0x20 d:/workspaces/esat/freertos_esat_masterslave/tools/mingw/gnu_arm_embedded_toolchain/10 2021.10/bin/../lib/gcc/arm-none-eabi/10.3.1/../../../../arm-none-eabi/lib/thumb/v7-m/nofp\libg_nano.a(lib_a-findfp.o)
                0x000003e0                __sf_fake_stderr
 .rodata.__sf_fake_stdin
                0x00000400       0x20 d:/workspaces/esat/freertos_esat_masterslave/tools/mingw/gnu_arm_embedded_toolchain/10 2021.10/bin/../lib/gcc/arm-none-eabi/10.3.1/../../../../arm-none-eabi/lib/thumb/v7-m/nofp\libg_nano.a(lib_a-findfp.o)
                0x00000400                __sf_fake_stdin
 .rodata.__sf_fake_stdout
                0x00000420       0x20 d:/workspaces/esat/freertos_esat_masterslave/tools/mingw/gnu_arm_embedded_toolchain/10 2021.10/bin/../lib/gcc/arm-none-eabi/10.3.1/../../../../arm-none-eabi/lib/thumb/v7-m/nofp\libg_nano.a(lib_a-findfp.o)
                0x00000420                __sf_fake_stdout
 .rodata._global_impure_ptr
                0x00000440        0x4 d:/workspaces/esat/freertos_esat_masterslave/tools/mingw/gnu_arm_embedded_toolchain/10 2021.10/bin/../lib/gcc/arm-none-eabi/10.3.1/../../../../arm-none-eabi/lib/thumb/v7-m/nofp\libg_nano.a(lib_a-impure.o)
                0x00000440                _global_impure_ptr
 .rodata.srand.str1.1
                0x00000444       0x95 d:/workspaces/esat/freertos_esat_masterslave/tools/mingw/gnu_arm_embedded_toolchain/10 2021.10/bin/../lib/gcc/arm-none-eabi/10.3.1/../../../../arm-none-eabi/lib/thumb/v7-m/nofp\libg_nano.a(lib_a-rand.o)
 .rodata.__assert_func.str1.1
                0x000004d9       0x3c d:/workspaces/esat/freertos_esat_masterslave/tools/mingw/gnu_arm_embedded_toolchain/10 2021.10/bin/../lib/gcc/arm-none-eabi/10.3.1/../../../../arm-none-eabi/lib/thumb/v7-m/nofp\libg_nano.a(lib_a-assert.o)
                                 0x3d (size before relaxing)
 .rodata._vfprintf_r.str1.1
                0x00000515       0x11 d:/workspaces/esat/freertos_esat_masterslave/tools/mingw/gnu_arm_embedded_toolchain/10 2021.10/bin/../lib/gcc/arm-none-eabi/10.3.1/../../../../arm-none-eabi/lib/thumb/v7-m/nofp\libg_nano.a(lib_a-nano-vfprintf.o)
 .rodata._printf_i.str1.1
                0x00000526       0x22 d:/workspaces/esat/freertos_esat_masterslave/tools/mingw/gnu_arm_embedded_toolchain/10 2021.10/bin/../lib/gcc/arm-none-eabi/10.3.1/../../../../arm-none-eabi/lib/thumb/v7-m/nofp\libg_nano.a(lib_a-nano-vfprintf_i.o)
 .rodata._get_semihosting_exts.str1.1
                0x00000548       0x16 d:/workspaces/esat/freertos_esat_masterslave/tools/mingw/gnu_arm_embedded_toolchain/10 2021.10/bin/../lib/gcc/arm-none-eabi/10.3.1/../../../../arm-none-eabi/lib/thumb/v7-m/nofp\librdimon_nano.a(rdimon-syscalls.o)
 *(.constdata*)
                0x0000055e                _etext = .
                0x0000055e                _sidata = .

.glue_7         0x00000560        0x0
 .glue_7        0x00000560        0x0 linker stubs

.glue_7t        0x00000560        0x0
 .glue_7t       0x00000560        0x0 linker stubs

.vfp11_veneer   0x00000560        0x0
 .vfp11_veneer  0x00000560        0x0 linker stubs

.v4_bx          0x00000560        0x0
 .v4_bx         0x00000560        0x0 linker stubs

.text.xTaskCreateStatic
                0x00000560       0xa4
 .text.xTaskCreateStatic
                0x00000560       0xa4 ./output/tasks.o
                0x00000560                xTaskCreateStatic

.text.xTaskCreate
                0x00000604       0x94
 .text.xTaskCreate
                0x00000604       0x94 ./output/tasks.o
                0x00000604                xTaskCreate

.text.prvInitialiseNewTask
                0x00000698      0x108
 .text.prvInitialiseNewTask
                0x00000698      0x108 ./output/tasks.o

.text.prvAddNewTaskToReadyList
                0x000007a0      0x124
 .text.prvAddNewTaskToReadyList
                0x000007a0      0x124 ./output/tasks.o

.text.xTaskDelayUntil
                0x000008c4       0xdc
 .text.xTaskDelayUntil
                0x000008c4       0xdc ./output/tasks.o
                0x000008c4                xTaskDelayUntil

.text.vTaskStartScheduler
                0x000009a0       0xd0
 .text.vTaskStartScheduler
                0x000009a0       0xd0 ./output/tasks.o
                0x000009a0                vTaskStartScheduler

.text.vTaskSuspendAll
                0x00000a70       0x1c
 .text.vTaskSuspendAll
                0x00000a70       0x1c ./output/tasks.o
                0x00000a70                vTaskSuspendAll

.text.xTaskResumeAll
                0x00000a8c      0x1f0
 .text.xTaskResumeAll
                0x00000a8c      0x1f0 ./output/tasks.o
                0x00000a8c                xTaskResumeAll

.text.xTaskGetTickCount
                0x00000c7c       0x1c
 .text.xTaskGetTickCount
                0x00000c7c       0x1c ./output/tasks.o
                0x00000c7c                xTaskGetTickCount

.text.uxTaskGetNumberOfTasks
                0x00000c98       0x14
 .text.uxTaskGetNumberOfTasks
                0x00000c98       0x14 ./output/tasks.o
                0x00000c98                uxTaskGetNumberOfTasks

.text.xTaskIncrementTick
                0x00000cac      0x234
 .text.xTaskIncrementTick
                0x00000cac      0x234 ./output/tasks.o
                0x00000cac                xTaskIncrementTick

.text.vTaskSwitchContext
                0x00000ee0       0xf8
 .text.vTaskSwitchContext
                0x00000ee0       0xf8 ./output/tasks.o
                0x00000ee0                vTaskSwitchContext

.text.vTaskPlaceOnEventList
                0x00000fd8       0x40
 .text.vTaskPlaceOnEventList
                0x00000fd8       0x40 ./output/tasks.o
                0x00000fd8                vTaskPlaceOnEventList

.text.vTaskPlaceOnEventListRestricted
                0x00001018       0x84
 .text.vTaskPlaceOnEventListRestricted
                0x00001018       0x84 ./output/tasks.o
                0x00001018                vTaskPlaceOnEventListRestricted

.text.xTaskRemoveFromEventList
                0x0000109c      0x1a0
 .text.xTaskRemoveFromEventList
                0x0000109c      0x1a0 ./output/tasks.o
                0x0000109c                xTaskRemoveFromEventList

.text.vTaskInternalSetTimeOutState
                0x0000123c       0x2c
 .text.vTaskInternalSetTimeOutState
                0x0000123c       0x2c ./output/tasks.o
                0x0000123c                vTaskInternalSetTimeOutState

.text.xTaskCheckForTimeOut
                0x00001268       0xd8
 .text.xTaskCheckForTimeOut
                0x00001268       0xd8 ./output/tasks.o
                0x00001268                xTaskCheckForTimeOut

.text.vTaskMissedYield
                0x00001340       0x18
 .text.vTaskMissedYield
                0x00001340       0x18 ./output/tasks.o
                0x00001340                vTaskMissedYield

.text.prvIdleTask
                0x00001358        0xe
 .text.prvIdleTask
                0x00001358        0xe ./output/tasks.o

.text.prvInitialiseTaskLists
                0x00001368       0x80
 .text.prvInitialiseTaskLists
                0x00001368       0x80 ./output/tasks.o

.text.prvCheckTasksWaitingTermination
                0x000013e8       0x5c
 .text.prvCheckTasksWaitingTermination
                0x000013e8       0x5c ./output/tasks.o

.text.prvDeleteTCB
                0x00001444       0x58
 .text.prvDeleteTCB
                0x00001444       0x58 ./output/tasks.o

.text.prvResetNextTaskUnblockTime
                0x0000149c       0x34
 .text.prvResetNextTaskUnblockTime
                0x0000149c       0x34 ./output/tasks.o

.text.xTaskGetSchedulerState
                0x000014d0       0x3c
 .text.xTaskGetSchedulerState
                0x000014d0       0x3c ./output/tasks.o
                0x000014d0                xTaskGetSchedulerState

.text.xTaskPriorityDisinherit
                0x0000150c      0x130
 .text.xTaskPriorityDisinherit
                0x0000150c      0x130 ./output/tasks.o
                0x0000150c                xTaskPriorityDisinherit

.text.prvAddCurrentTaskToDelayedList
                0x0000163c      0x108
 .text.prvAddCurrentTaskToDelayedList
                0x0000163c      0x108 ./output/tasks.o

.iplt           0x00001744        0x0
 .iplt          0x00001744        0x0 ./output/tasks.o

.text.vListInitialise
                0x00001744       0x3e
 .text.vListInitialise
                0x00001744       0x3e ./output/list.o
                0x00001744                vListInitialise

.text.vListInitialiseItem
                0x00001782       0x18
 .text.vListInitialiseItem
                0x00001782       0x18 ./output/list.o
                0x00001782                vListInitialiseItem

.text.vListInsert
                0x0000179a       0x70
 .text.vListInsert
                0x0000179a       0x70 ./output/list.o
                0x0000179a                vListInsert

.text.uxListRemove
                0x0000180a       0x52
 .text.uxListRemove
                0x0000180a       0x52 ./output/list.o
                0x0000180a                uxListRemove

.text.xQueueGenericReset
                0x0000185c      0x10c
 .text.xQueueGenericReset
                0x0000185c      0x10c ./output/queue.o
                0x0000185c                xQueueGenericReset

.text.xQueueGenericCreateStatic
                0x00001968       0x9c
 .text.xQueueGenericCreateStatic
                0x00001968       0x9c ./output/queue.o
                0x00001968                xQueueGenericCreateStatic

.text.xQueueGenericCreate
                0x00001a04       0x9c
 .text.xQueueGenericCreate
                0x00001a04       0x9c ./output/queue.o
                0x00001a04                xQueueGenericCreate

.text.prvInitialiseNewQueue
                0x00001aa0       0x44
 .text.prvInitialiseNewQueue
                0x00001aa0       0x44 ./output/queue.o

.text.xQueueGenericSend
                0x00001ae4      0x208
 .text.xQueueGenericSend
                0x00001ae4      0x208 ./output/queue.o
                0x00001ae4                xQueueGenericSend

.text.xQueueGenericSendFromISR
                0x00001cec      0x168
 .text.xQueueGenericSendFromISR
                0x00001cec      0x168 ./output/queue.o
                0x00001cec                xQueueGenericSendFromISR

.text.xQueueReceive
                0x00001e54      0x1a0
 .text.xQueueReceive
                0x00001e54      0x1a0 ./output/queue.o
                0x00001e54                xQueueReceive

.text.xQueueReceiveFromISR
                0x00001ff4      0x110
 .text.xQueueReceiveFromISR
                0x00001ff4      0x110 ./output/queue.o
                0x00001ff4                xQueueReceiveFromISR

.text.prvCopyDataToQueue
                0x00002104       0xd4
 .text.prvCopyDataToQueue
                0x00002104       0xd4 ./output/queue.o

.text.prvCopyDataFromQueue
                0x000021d8       0x4c
 .text.prvCopyDataFromQueue
                0x000021d8       0x4c ./output/queue.o

.text.prvUnlockQueue
                0x00002224       0xbe
 .text.prvUnlockQueue
                0x00002224       0xbe ./output/queue.o

.text.prvIsQueueEmpty
                0x000022e2       0x2c
 .text.prvIsQueueEmpty
                0x000022e2       0x2c ./output/queue.o

.text.prvIsQueueFull
                0x0000230e       0x30
 .text.prvIsQueueFull
                0x0000230e       0x30 ./output/queue.o

.text.xQueueIsQueueFullFromISR
                0x00002340       0x40
 .text.xQueueIsQueueFullFromISR
                0x00002340       0x40 ./output/queue.o
                0x00002340                xQueueIsQueueFullFromISR

.text.vQueueAddToRegistry
                0x00002380       0x90
 .text.vQueueAddToRegistry
                0x00002380       0x90 ./output/queue.o
                0x00002380                vQueueAddToRegistry

.text.vQueueWaitForMessageRestricted
                0x00002410       0x68
 .text.vQueueWaitForMessageRestricted
                0x00002410       0x68 ./output/queue.o
                0x00002410                vQueueWaitForMessageRestricted

.text.prvNotifyQueueSetContainer
                0x00002478       0xc0
 .text.prvNotifyQueueSetContainer
                0x00002478       0xc0 ./output/queue.o

.text.xTimerCreateTimerTask
                0x00002538       0x88
 .text.xTimerCreateTimerTask
                0x00002538       0x88 ./output/timers.o
                0x00002538                xTimerCreateTimerTask

.text.prvReloadTimer
                0x000025c0       0x42
 .text.prvReloadTimer
                0x000025c0       0x42 ./output/timers.o

.text.prvProcessExpiredTimer
                0x00002604       0x60
 .text.prvProcessExpiredTimer
                0x00002604       0x60 ./output/timers.o

.text.prvTimerTask
                0x00002664       0x24
 .text.prvTimerTask
                0x00002664       0x24 ./output/timers.o

.text.prvProcessTimerOrBlockTask
                0x00002688       0x9c
 .text.prvProcessTimerOrBlockTask
                0x00002688       0x9c ./output/timers.o

.text.prvGetNextExpireTime
                0x00002724       0x44
 .text.prvGetNextExpireTime
                0x00002724       0x44 ./output/timers.o

.text.prvSampleTimeNow
                0x00002768       0x40
 .text.prvSampleTimeNow
                0x00002768       0x40 ./output/timers.o

.text.prvInsertTimerInActiveList
                0x000027a8       0x84
 .text.prvInsertTimerInActiveList
                0x000027a8       0x84 ./output/timers.o

.text.prvProcessReceivedCommands
                0x0000282c      0x1a0
 .text.prvProcessReceivedCommands
                0x0000282c      0x1a0 ./output/timers.o

.text.prvSwitchTimerLists
                0x000029cc       0x4c
 .text.prvSwitchTimerLists
                0x000029cc       0x4c ./output/timers.o

.text.prvCheckForValidListAndQueue
                0x00002a18       0x80
 .text.prvCheckForValidListAndQueue
                0x00002a18       0x80 ./output/timers.o

.text.pvPortMalloc
                0x00002a98      0x168
 .text.pvPortMalloc
                0x00002a98      0x168 ./output/heap_4.o
                0x00002a98                pvPortMalloc

.text.vPortFree
                0x00002c00       0xa4
 .text.vPortFree
                0x00002c00       0xa4 ./output/heap_4.o
                0x00002c00                vPortFree

.text.prvHeapInit
                0x00002ca4       0xb8
 .text.prvHeapInit
                0x00002ca4       0xb8 ./output/heap_4.o

.text.prvInsertBlockIntoFreeList
                0x00002d5c       0xb0
 .text.prvInsertBlockIntoFreeList
                0x00002d5c       0xb0 ./output/heap_4.o

.text.pxPortInitialiseStack
                0x00002e0c       0x58
 .text.pxPortInitialiseStack
                0x00002e0c       0x58 ./output/port.o
                0x00002e0c                pxPortInitialiseStack

.text.prvTaskExitError
                0x00002e64       0x4c
 .text.prvTaskExitError
                0x00002e64       0x4c ./output/port.o

.text.vPortSVCHandler
                0x00002eb0       0x28
 .text.vPortSVCHandler
                0x00002eb0       0x28 ./output/port.o
                0x00002eb0                vPortSVCHandler

.text.prvPortStartFirstTask
                0x00002ed8       0x24
 .text.prvPortStartFirstTask
                0x00002ed8       0x24 ./output/port.o

.text.xPortStartScheduler
                0x00002efc       0xc0
 .text.xPortStartScheduler
                0x00002efc       0xc0 ./output/port.o
                0x00002efc                xPortStartScheduler

.text.vPortEnterCritical
                0x00002fbc       0x54
 .text.vPortEnterCritical
                0x00002fbc       0x54 ./output/port.o
                0x00002fbc                vPortEnterCritical

.text.vPortExitCritical
                0x00003010       0x48
 .text.vPortExitCritical
                0x00003010       0x48 ./output/port.o
                0x00003010                vPortExitCritical

.text.xPortPendSVHandler
                0x00003060       0x48
 .text.xPortPendSVHandler
                0x00003060       0x48 ./output/port.o
                0x00003060                xPortPendSVHandler

.text.xPortSysTickHandler
                0x000030a8       0x44
 .text.xPortSysTickHandler
                0x000030a8       0x44 ./output/port.o
                0x000030a8                xPortSysTickHandler

.text.vPortSetupTimerInterrupt
                0x000030ec       0x34
 .text.vPortSetupTimerInterrupt
                0x000030ec       0x34 ./output/port.o
                0x000030ec                vPortSetupTimerInterrupt

.text.vPortValidateInterruptPriority
                0x00003120       0x68
 .text.vPortValidateInterruptPriority
                0x00003120       0x68 ./output/port.o
                0x00003120                vPortValidateInterruptPriority

.text.prvRecordValue_NormallyFull
                0x00003188       0x3c
 .text.prvRecordValue_NormallyFull
                0x00003188       0x3c ./output/IntQueue.o

.text.prvRecordValue_NormallyEmpty
                0x000031c4       0x3c
 .text.prvRecordValue_NormallyEmpty
                0x000031c4       0x3c ./output/IntQueue.o

.text.prvQueueAccessLogError
                0x00003200       0x28
 .text.prvQueueAccessLogError
                0x00003200       0x28 ./output/IntQueue.o

.text.xFirstTimerHandler
                0x00003228      0x1b8
 .text.xFirstTimerHandler
                0x00003228      0x1b8 ./output/IntQueue.o
                0x00003228                xFirstTimerHandler

.text.xSecondTimerHandler
                0x000033e0      0x290
 .text.xSecondTimerHandler
                0x000033e0      0x290 ./output/IntQueue.o
                0x000033e0                xSecondTimerHandler

.text.TIMER0_Handler
                0x00003670       0x48
 .text.TIMER0_Handler
                0x00003670       0x48 ./output/IntQueueTimer.o
                0x00003670                TIMER0_Handler

.text.TIMER1_Handler
                0x000036b8       0x48
 .text.TIMER1_Handler
                0x000036b8       0x48 ./output/IntQueueTimer.o
                0x000036b8                TIMER1_Handler

.text.ESAT_MasterTrigger
                0x00003700       0x40
 .text.ESAT_MasterTrigger
                0x00003700       0x40 ./output/ESAT_Master.o

.text.ESAT_MasterRespond
                0x00003740       0xc0
 .text.ESAT_MasterRespond
                0x00003740       0xc0 ./output/ESAT_Master.o

.text.ESAT_MasterSM
                0x00003800       0xb0
 .text.ESAT_MasterSM
                0x00003800       0xb0 ./output/ESAT_Master.o

.text.ESAT_MasterMain
                0x000038b0       0x4c
 .text.ESAT_MasterMain
                0x000038b0       0x4c ./output/ESAT_Master.o
                0x000038b0                ESAT_MasterMain

.text.ESAT_StateDecision
                0x000038fc       0x60
 .text.ESAT_StateDecision
                0x000038fc       0x60 ./output/ESAT_Slave.o

.text.ESAT_ReturnState
                0x0000395c       0x14
 .text.ESAT_ReturnState
                0x0000395c       0x14 ./output/ESAT_Slave.o

.text.ESAT_DoOperation
                0x00003970       0x40
 .text.ESAT_DoOperation
                0x00003970       0x40 ./output/ESAT_Slave.o

.text.ESAT_SlaveOperation
                0x000039b0       0x7c
 .text.ESAT_SlaveOperation
                0x000039b0       0x7c ./output/ESAT_Slave.o
                0x000039b0                ESAT_SlaveOperation

.text.ESAT_Slave
                0x00003a2c       0xb4
 .text.ESAT_Slave
                0x00003a2c       0xb4 ./output/ESAT_Slave.o
                0x00003a2c                ESAT_Slave

.text.__wrap_malloc
                0x00003ae0       0x18
 .text.__wrap_malloc
                0x00003ae0       0x18 ./output/main.o
                0x00003ae0                __wrap_malloc

.text.main      0x00003af8       0x10
 .text.main     0x00003af8       0x10 ./output/main.o
                0x00003af8                main

.text.vApplicationMallocFailedHook
                0x00003b08       0x28
 .text.vApplicationMallocFailedHook
                0x00003b08       0x28 ./output/main.o
                0x00003b08                vApplicationMallocFailedHook

.text.vApplicationStackOverflowHook
                0x00003b30       0x2c
 .text.vApplicationStackOverflowHook
                0x00003b30       0x2c ./output/main.o
                0x00003b30                vApplicationStackOverflowHook

.text.vApplicationTickHook
                0x00003b5c        0xc
 .text.vApplicationTickHook
                0x00003b5c        0xc ./output/main.o
                0x00003b5c                vApplicationTickHook

.text.vAssertCalled
                0x00003b68       0x3c
 .text.vAssertCalled
                0x00003b68       0x3c ./output/main.o
                0x00003b68                vAssertCalled

.text.vApplicationGetIdleTaskMemory
                0x00003ba4       0x30
 .text.vApplicationGetIdleTaskMemory
                0x00003ba4       0x30 ./output/main.o
                0x00003ba4                vApplicationGetIdleTaskMemory

.text.vApplicationGetTimerTaskMemory
                0x00003bd4       0x30
 .text.vApplicationGetTimerTaskMemory
                0x00003bd4       0x30 ./output/main.o
                0x00003bd4                vApplicationGetTimerTaskMemory

.text.prvUARTInit
                0x00003c04       0x20
 .text.prvUARTInit
                0x00003c04       0x20 ./output/main.o

.text.main_esatms
                0x00003c24       0x7c
 .text.main_esatms
                0x00003c24       0x7c ./output/main_esatms.o
                0x00003c24                main_esatms

.text.prvQueueSendTask
                0x00003ca0       0x70
 .text.prvQueueSendTask
                0x00003ca0       0x70 ./output/main_esatms.o

.text.prvQueueReceiveTask
                0x00003d10       0x58
 .text.prvQueueReceiveTask
                0x00003d10       0x58 ./output/main_esatms.o

.text.Reset_Handler
                0x00003d68        0xc
 .text.Reset_Handler
                0x00003d68        0xc ./output/startup_gcc.o
                0x00003d68                Reset_Handler

.text.prvGetRegistersFromStack
                0x00003d74       0x84
 .text.prvGetRegistersFromStack
                0x00003d74       0x84 ./output/startup_gcc.o
                0x00003d74                prvGetRegistersFromStack

.text.Default_Handler
                0x00003e00       0x18
 .text.Default_Handler
                0x00003e00       0x18 ./output/startup_gcc.o

.text.HardFault_Handler
                0x00003f00       0x1c
 .text.HardFault_Handler
                0x00003f00       0x1c ./output/startup_gcc.o

.text.printchar
                0x00003f1c       0x62
 .text.printchar
                0x00003f1c       0x62 ./output/printf-stdarg.o

.text.prints    0x00003f7e       0xb6
 .text.prints   0x00003f7e       0xb6 ./output/printf-stdarg.o

.text.printi    0x00004034       0xe2
 .text.printi   0x00004034       0xe2 ./output/printf-stdarg.o

.text.tiny_print
                0x00004118      0x22c
 .text.tiny_print
                0x00004118      0x22c ./output/printf-stdarg.o

.text.printf    0x00004344       0x2a
 .text.printf   0x00004344       0x2a ./output/printf-stdarg.o
                0x00004344                printf

.text.__sflush_r
                0x00004370      0x104
 .text.__sflush_r
                0x00004370      0x104 d:/workspaces/esat/freertos_esat_masterslave/tools/mingw/gnu_arm_embedded_toolchain/10 2021.10/bin/../lib/gcc/arm-none-eabi/10.3.1/../../../../arm-none-eabi/lib/thumb/v7-m/nofp\libg_nano.a(lib_a-fflush.o)
                0x00004370                __sflush_r

.text._fflush_r
                0x00004474       0x78
 .text._fflush_r
                0x00004474       0x78 d:/workspaces/esat/freertos_esat_masterslave/tools/mingw/gnu_arm_embedded_toolchain/10 2021.10/bin/../lib/gcc/arm-none-eabi/10.3.1/../../../../arm-none-eabi/lib/thumb/v7-m/nofp\libg_nano.a(lib_a-fflush.o)
                0x00004474                _fflush_r

.text.fflush    0x000044ec       0x24
 .text.fflush   0x000044ec       0x24 d:/workspaces/esat/freertos_esat_masterslave/tools/mingw/gnu_arm_embedded_toolchain/10 2021.10/bin/../lib/gcc/arm-none-eabi/10.3.1/../../../../arm-none-eabi/lib/thumb/v7-m/nofp\libg_nano.a(lib_a-fflush.o)
                0x000044ec                fflush

.text.std       0x00004510       0x48
 .text.std      0x00004510       0x48 d:/workspaces/esat/freertos_esat_masterslave/tools/mingw/gnu_arm_embedded_toolchain/10 2021.10/bin/../lib/gcc/arm-none-eabi/10.3.1/../../../../arm-none-eabi/lib/thumb/v7-m/nofp\libg_nano.a(lib_a-findfp.o)

.text._cleanup_r
                0x00004558        0xc
 .text._cleanup_r
                0x00004558        0xc d:/workspaces/esat/freertos_esat_masterslave/tools/mingw/gnu_arm_embedded_toolchain/10 2021.10/bin/../lib/gcc/arm-none-eabi/10.3.1/../../../../arm-none-eabi/lib/thumb/v7-m/nofp\libg_nano.a(lib_a-findfp.o)
                0x00004558                _cleanup_r

.text.__sfmoreglue
                0x00004564       0x2c
 .text.__sfmoreglue
                0x00004564       0x2c d:/workspaces/esat/freertos_esat_masterslave/tools/mingw/gnu_arm_embedded_toolchain/10 2021.10/bin/../lib/gcc/arm-none-eabi/10.3.1/../../../../arm-none-eabi/lib/thumb/v7-m/nofp\libg_nano.a(lib_a-findfp.o)
                0x00004564                __sfmoreglue

.text.__sfp_lock_acquire
                0x00004590        0xc
 .text.__sfp_lock_acquire
                0x00004590        0xc d:/workspaces/esat/freertos_esat_masterslave/tools/mingw/gnu_arm_embedded_toolchain/10 2021.10/bin/../lib/gcc/arm-none-eabi/10.3.1/../../../../arm-none-eabi/lib/thumb/v7-m/nofp\libg_nano.a(lib_a-findfp.o)
                0x00004590                __sfp_lock_acquire

.text.__sfp_lock_release
                0x0000459c        0xc
 .text.__sfp_lock_release
                0x0000459c        0xc d:/workspaces/esat/freertos_esat_masterslave/tools/mingw/gnu_arm_embedded_toolchain/10 2021.10/bin/../lib/gcc/arm-none-eabi/10.3.1/../../../../arm-none-eabi/lib/thumb/v7-m/nofp\libg_nano.a(lib_a-findfp.o)
                0x0000459c                __sfp_lock_release

.text.__sinit_lock_acquire
                0x000045a8        0xc
 .text.__sinit_lock_acquire
                0x000045a8        0xc d:/workspaces/esat/freertos_esat_masterslave/tools/mingw/gnu_arm_embedded_toolchain/10 2021.10/bin/../lib/gcc/arm-none-eabi/10.3.1/../../../../arm-none-eabi/lib/thumb/v7-m/nofp\libg_nano.a(lib_a-findfp.o)
                0x000045a8                __sinit_lock_acquire

.text.__sinit_lock_release
                0x000045b4        0xc
 .text.__sinit_lock_release
                0x000045b4        0xc d:/workspaces/esat/freertos_esat_masterslave/tools/mingw/gnu_arm_embedded_toolchain/10 2021.10/bin/../lib/gcc/arm-none-eabi/10.3.1/../../../../arm-none-eabi/lib/thumb/v7-m/nofp\libg_nano.a(lib_a-findfp.o)
                0x000045b4                __sinit_lock_release

.text.__sinit   0x000045c0       0x70
 .text.__sinit  0x000045c0       0x70 d:/workspaces/esat/freertos_esat_masterslave/tools/mingw/gnu_arm_embedded_toolchain/10 2021.10/bin/../lib/gcc/arm-none-eabi/10.3.1/../../../../arm-none-eabi/lib/thumb/v7-m/nofp\libg_nano.a(lib_a-findfp.o)
                0x000045c0                __sinit

.text.__sfp     0x00004630       0x8c
 .text.__sfp    0x00004630       0x8c d:/workspaces/esat/freertos_esat_masterslave/tools/mingw/gnu_arm_embedded_toolchain/10 2021.10/bin/../lib/gcc/arm-none-eabi/10.3.1/../../../../arm-none-eabi/lib/thumb/v7-m/nofp\libg_nano.a(lib_a-findfp.o)
                0x00004630                __sfp

.text._fwalk_reent
                0x000046bc       0x3e
 .text._fwalk_reent
                0x000046bc       0x3e d:/workspaces/esat/freertos_esat_masterslave/tools/mingw/gnu_arm_embedded_toolchain/10 2021.10/bin/../lib/gcc/arm-none-eabi/10.3.1/../../../../arm-none-eabi/lib/thumb/v7-m/nofp\libg_nano.a(lib_a-fwalk.o)
                0x000046bc                _fwalk_reent

.text.__retarget_lock_init_recursive
                0x000046fa        0x2
 .text.__retarget_lock_init_recursive
                0x000046fa        0x2 d:/workspaces/esat/freertos_esat_masterslave/tools/mingw/gnu_arm_embedded_toolchain/10 2021.10/bin/../lib/gcc/arm-none-eabi/10.3.1/../../../../arm-none-eabi/lib/thumb/v7-m/nofp\libg_nano.a(lib_a-lock.o)
                0x000046fa                __retarget_lock_init_recursive

.text.__retarget_lock_acquire_recursive
                0x000046fc        0x2
 .text.__retarget_lock_acquire_recursive
                0x000046fc        0x2 d:/workspaces/esat/freertos_esat_masterslave/tools/mingw/gnu_arm_embedded_toolchain/10 2021.10/bin/../lib/gcc/arm-none-eabi/10.3.1/../../../../arm-none-eabi/lib/thumb/v7-m/nofp\libg_nano.a(lib_a-lock.o)
                0x000046fc                __retarget_lock_acquire_recursive

.text.__retarget_lock_release_recursive
                0x000046fe        0x2
 .text.__retarget_lock_release_recursive
                0x000046fe        0x2 d:/workspaces/esat/freertos_esat_masterslave/tools/mingw/gnu_arm_embedded_toolchain/10 2021.10/bin/../lib/gcc/arm-none-eabi/10.3.1/../../../../arm-none-eabi/lib/thumb/v7-m/nofp\libg_nano.a(lib_a-lock.o)
                0x000046fe                __retarget_lock_release_recursive

.text.memcpy    0x00004700       0x1c
 .text.memcpy   0x00004700       0x1c d:/workspaces/esat/freertos_esat_masterslave/tools/mingw/gnu_arm_embedded_toolchain/10 2021.10/bin/../lib/gcc/arm-none-eabi/10.3.1/../../../../arm-none-eabi/lib/thumb/v7-m/nofp\libg_nano.a(lib_a-memcpy-stub.o)
                0x00004700                memcpy

.text.memset    0x0000471c       0x10
 .text.memset   0x0000471c       0x10 d:/workspaces/esat/freertos_esat_masterslave/tools/mingw/gnu_arm_embedded_toolchain/10 2021.10/bin/../lib/gcc/arm-none-eabi/10.3.1/../../../../arm-none-eabi/lib/thumb/v7-m/nofp\libg_nano.a(lib_a-memset.o)
                0x0000471c                memset

.text._free_r   0x0000472c       0x90
 .text._free_r  0x0000472c       0x90 d:/workspaces/esat/freertos_esat_masterslave/tools/mingw/gnu_arm_embedded_toolchain/10 2021.10/bin/../lib/gcc/arm-none-eabi/10.3.1/../../../../arm-none-eabi/lib/thumb/v7-m/nofp\libg_nano.a(lib_a-nano-freer.o)
                0x0000472c                _free_r

.text.sbrk_aligned
                0x000047bc       0x40
 .text.sbrk_aligned
                0x000047bc       0x40 d:/workspaces/esat/freertos_esat_masterslave/tools/mingw/gnu_arm_embedded_toolchain/10 2021.10/bin/../lib/gcc/arm-none-eabi/10.3.1/../../../../arm-none-eabi/lib/thumb/v7-m/nofp\libg_nano.a(lib_a-nano-mallocr.o)

.text._malloc_r
                0x000047fc       0xe8
 .text._malloc_r
                0x000047fc       0xe8 d:/workspaces/esat/freertos_esat_masterslave/tools/mingw/gnu_arm_embedded_toolchain/10 2021.10/bin/../lib/gcc/arm-none-eabi/10.3.1/../../../../arm-none-eabi/lib/thumb/v7-m/nofp\libg_nano.a(lib_a-nano-mallocr.o)
                0x000047fc                _malloc_r

.text.srand     0x000048e4       0x5c
 .text.srand    0x000048e4       0x5c d:/workspaces/esat/freertos_esat_masterslave/tools/mingw/gnu_arm_embedded_toolchain/10 2021.10/bin/../lib/gcc/arm-none-eabi/10.3.1/../../../../arm-none-eabi/lib/thumb/v7-m/nofp\libg_nano.a(lib_a-rand.o)
                0x000048e4                srand

.text.rand      0x00004940       0x7c
 .text.rand     0x00004940       0x7c d:/workspaces/esat/freertos_esat_masterslave/tools/mingw/gnu_arm_embedded_toolchain/10 2021.10/bin/../lib/gcc/arm-none-eabi/10.3.1/../../../../arm-none-eabi/lib/thumb/v7-m/nofp\libg_nano.a(lib_a-rand.o)
                0x00004940                rand

.text._sbrk_r   0x000049bc       0x20
 .text._sbrk_r  0x000049bc       0x20 d:/workspaces/esat/freertos_esat_masterslave/tools/mingw/gnu_arm_embedded_toolchain/10 2021.10/bin/../lib/gcc/arm-none-eabi/10.3.1/../../../../arm-none-eabi/lib/thumb/v7-m/nofp\libg_nano.a(lib_a-sbrkr.o)
                0x000049bc                _sbrk_r

.text.__sread   0x000049dc       0x22
 .text.__sread  0x000049dc       0x22 d:/workspaces/esat/freertos_esat_masterslave/tools/mingw/gnu_arm_embedded_toolchain/10 2021.10/bin/../lib/gcc/arm-none-eabi/10.3.1/../../../../arm-none-eabi/lib/thumb/v7-m/nofp\libg_nano.a(lib_a-stdio.o)
                0x000049dc                __sread

.text.__swrite  0x000049fe       0x38
 .text.__swrite
                0x000049fe       0x38 d:/workspaces/esat/freertos_esat_masterslave/tools/mingw/gnu_arm_embedded_toolchain/10 2021.10/bin/../lib/gcc/arm-none-eabi/10.3.1/../../../../arm-none-eabi/lib/thumb/v7-m/nofp\libg_nano.a(lib_a-stdio.o)
                0x000049fe                __swrite

.text.__sseek   0x00004a36       0x24
 .text.__sseek  0x00004a36       0x24 d:/workspaces/esat/freertos_esat_masterslave/tools/mingw/gnu_arm_embedded_toolchain/10 2021.10/bin/../lib/gcc/arm-none-eabi/10.3.1/../../../../arm-none-eabi/lib/thumb/v7-m/nofp\libg_nano.a(lib_a-stdio.o)
                0x00004a36                __sseek

.text.__sclose  0x00004a5a        0x8
 .text.__sclose
                0x00004a5a        0x8 d:/workspaces/esat/freertos_esat_masterslave/tools/mingw/gnu_arm_embedded_toolchain/10 2021.10/bin/../lib/gcc/arm-none-eabi/10.3.1/../../../../arm-none-eabi/lib/thumb/v7-m/nofp\libg_nano.a(lib_a-stdio.o)
                0x00004a5a                __sclose

.text._write_r  0x00004a64       0x24
 .text._write_r
                0x00004a64       0x24 d:/workspaces/esat/freertos_esat_masterslave/tools/mingw/gnu_arm_embedded_toolchain/10 2021.10/bin/../lib/gcc/arm-none-eabi/10.3.1/../../../../arm-none-eabi/lib/thumb/v7-m/nofp\libg_nano.a(lib_a-writer.o)
                0x00004a64                _write_r

.text.__assert_func
                0x00004a88       0x3c
 .text.__assert_func
                0x00004a88       0x3c d:/workspaces/esat/freertos_esat_masterslave/tools/mingw/gnu_arm_embedded_toolchain/10 2021.10/bin/../lib/gcc/arm-none-eabi/10.3.1/../../../../arm-none-eabi/lib/thumb/v7-m/nofp\libg_nano.a(lib_a-assert.o)
                0x00004a88                __assert_func

.text._close_r  0x00004ac4       0x20
 .text._close_r
                0x00004ac4       0x20 d:/workspaces/esat/freertos_esat_masterslave/tools/mingw/gnu_arm_embedded_toolchain/10 2021.10/bin/../lib/gcc/arm-none-eabi/10.3.1/../../../../arm-none-eabi/lib/thumb/v7-m/nofp\libg_nano.a(lib_a-closer.o)
                0x00004ac4                _close_r

.text.fprintf   0x00004ae4       0x24
 .text.fprintf  0x00004ae4       0x24 d:/workspaces/esat/freertos_esat_masterslave/tools/mingw/gnu_arm_embedded_toolchain/10 2021.10/bin/../lib/gcc/arm-none-eabi/10.3.1/../../../../arm-none-eabi/lib/thumb/v7-m/nofp\libg_nano.a(lib_a-fprintf.o)
                0x00004ae4                fiprintf
                0x00004ae4                fprintf

.text._lseek_r  0x00004b08       0x24
 .text._lseek_r
                0x00004b08       0x24 d:/workspaces/esat/freertos_esat_masterslave/tools/mingw/gnu_arm_embedded_toolchain/10 2021.10/bin/../lib/gcc/arm-none-eabi/10.3.1/../../../../arm-none-eabi/lib/thumb/v7-m/nofp\libg_nano.a(lib_a-lseekr.o)
                0x00004b08                _lseek_r

.text.__malloc_lock
                0x00004b2c        0xc
 .text.__malloc_lock
                0x00004b2c        0xc d:/workspaces/esat/freertos_esat_masterslave/tools/mingw/gnu_arm_embedded_toolchain/10 2021.10/bin/../lib/gcc/arm-none-eabi/10.3.1/../../../../arm-none-eabi/lib/thumb/v7-m/nofp\libg_nano.a(lib_a-mlock.o)
                0x00004b2c                __malloc_lock

.text.__malloc_unlock
                0x00004b38        0xc
 .text.__malloc_unlock
                0x00004b38        0xc d:/workspaces/esat/freertos_esat_masterslave/tools/mingw/gnu_arm_embedded_toolchain/10 2021.10/bin/../lib/gcc/arm-none-eabi/10.3.1/../../../../arm-none-eabi/lib/thumb/v7-m/nofp\libg_nano.a(lib_a-mlock.o)
                0x00004b38                __malloc_unlock

.text.__sfputc_r
                0x00004b44       0x2a
 .text.__sfputc_r
                0x00004b44       0x2a d:/workspaces/esat/freertos_esat_masterslave/tools/mingw/gnu_arm_embedded_toolchain/10 2021.10/bin/../lib/gcc/arm-none-eabi/10.3.1/../../../../arm-none-eabi/lib/thumb/v7-m/nofp\libg_nano.a(lib_a-nano-vfprintf.o)

.text.__sfputs_r
                0x00004b6e       0x24
 .text.__sfputs_r
                0x00004b6e       0x24 d:/workspaces/esat/freertos_esat_masterslave/tools/mingw/gnu_arm_embedded_toolchain/10 2021.10/bin/../lib/gcc/arm-none-eabi/10.3.1/../../../../arm-none-eabi/lib/thumb/v7-m/nofp\libg_nano.a(lib_a-nano-vfprintf.o)
                0x00004b6e                __sfputs_r

.text._vfprintf_r
                0x00004b94      0x260
 .text._vfprintf_r
                0x00004b94      0x260 d:/workspaces/esat/freertos_esat_masterslave/tools/mingw/gnu_arm_embedded_toolchain/10 2021.10/bin/../lib/gcc/arm-none-eabi/10.3.1/../../../../arm-none-eabi/lib/thumb/v7-m/nofp\libg_nano.a(lib_a-nano-vfprintf.o)
                0x00004b94                _vfprintf_r
                0x00004b94                _vfiprintf_r

.text._printf_common
                0x00004df4       0xde
 .text._printf_common
                0x00004df4       0xde d:/workspaces/esat/freertos_esat_masterslave/tools/mingw/gnu_arm_embedded_toolchain/10 2021.10/bin/../lib/gcc/arm-none-eabi/10.3.1/../../../../arm-none-eabi/lib/thumb/v7-m/nofp\libg_nano.a(lib_a-nano-vfprintf_i.o)
                0x00004df4                _printf_common

.text._printf_i
                0x00004ed4      0x24c
 .text._printf_i
                0x00004ed4      0x24c d:/workspaces/esat/freertos_esat_masterslave/tools/mingw/gnu_arm_embedded_toolchain/10 2021.10/bin/../lib/gcc/arm-none-eabi/10.3.1/../../../../arm-none-eabi/lib/thumb/v7-m/nofp\libg_nano.a(lib_a-nano-vfprintf_i.o)
                0x00004ed4                _printf_i

.text._read_r   0x00005120       0x24
 .text._read_r  0x00005120       0x24 d:/workspaces/esat/freertos_esat_masterslave/tools/mingw/gnu_arm_embedded_toolchain/10 2021.10/bin/../lib/gcc/arm-none-eabi/10.3.1/../../../../arm-none-eabi/lib/thumb/v7-m/nofp\libg_nano.a(lib_a-readr.o)
                0x00005120                _read_r

.text.__swbuf_r
                0x00005144       0xa4
 .text.__swbuf_r
                0x00005144       0xa4 d:/workspaces/esat/freertos_esat_masterslave/tools/mingw/gnu_arm_embedded_toolchain/10 2021.10/bin/../lib/gcc/arm-none-eabi/10.3.1/../../../../arm-none-eabi/lib/thumb/v7-m/nofp\libg_nano.a(lib_a-wbuf.o)
                0x00005144                __swbuf_r

.text.__swsetup_r
                0x000051e8       0xdc
 .text.__swsetup_r
                0x000051e8       0xdc d:/workspaces/esat/freertos_esat_masterslave/tools/mingw/gnu_arm_embedded_toolchain/10 2021.10/bin/../lib/gcc/arm-none-eabi/10.3.1/../../../../arm-none-eabi/lib/thumb/v7-m/nofp\libg_nano.a(lib_a-wsetup.o)
                0x000051e8                __swsetup_r

.text.abort     0x000052c4        0xe
 .text.abort    0x000052c4        0xe d:/workspaces/esat/freertos_esat_masterslave/tools/mingw/gnu_arm_embedded_toolchain/10 2021.10/bin/../lib/gcc/arm-none-eabi/10.3.1/../../../../arm-none-eabi/lib/thumb/v7-m/nofp\libg_nano.a(lib_a-abort.o)
                0x000052c4                abort

.text.__swhatbuf_r
                0x000052d2       0x4a
 .text.__swhatbuf_r
                0x000052d2       0x4a d:/workspaces/esat/freertos_esat_masterslave/tools/mingw/gnu_arm_embedded_toolchain/10 2021.10/bin/../lib/gcc/arm-none-eabi/10.3.1/../../../../arm-none-eabi/lib/thumb/v7-m/nofp\libg_nano.a(lib_a-makebuf.o)
                0x000052d2                __swhatbuf_r

.text.__smakebuf_r
                0x0000531c       0x80
 .text.__smakebuf_r
                0x0000531c       0x80 d:/workspaces/esat/freertos_esat_masterslave/tools/mingw/gnu_arm_embedded_toolchain/10 2021.10/bin/../lib/gcc/arm-none-eabi/10.3.1/../../../../arm-none-eabi/lib/thumb/v7-m/nofp\libg_nano.a(lib_a-makebuf.o)
                0x0000531c                __smakebuf_r

.text.memchr    0x0000539c       0x1c
 .text.memchr   0x0000539c       0x1c d:/workspaces/esat/freertos_esat_masterslave/tools/mingw/gnu_arm_embedded_toolchain/10 2021.10/bin/../lib/gcc/arm-none-eabi/10.3.1/../../../../arm-none-eabi/lib/thumb/v7-m/nofp\libg_nano.a(lib_a-memchr-stub.o)
                0x0000539c                memchr

.text._raise_r  0x000053b8       0x50
 .text._raise_r
                0x000053b8       0x50 d:/workspaces/esat/freertos_esat_masterslave/tools/mingw/gnu_arm_embedded_toolchain/10 2021.10/bin/../lib/gcc/arm-none-eabi/10.3.1/../../../../arm-none-eabi/lib/thumb/v7-m/nofp\libg_nano.a(lib_a-signal.o)
                0x000053b8                _raise_r

.text.raise     0x00005408       0x10
 .text.raise    0x00005408       0x10 d:/workspaces/esat/freertos_esat_masterslave/tools/mingw/gnu_arm_embedded_toolchain/10 2021.10/bin/../lib/gcc/arm-none-eabi/10.3.1/../../../../arm-none-eabi/lib/thumb/v7-m/nofp\libg_nano.a(lib_a-signal.o)
                0x00005408                raise

.text._kill_r   0x00005418       0x24
 .text._kill_r  0x00005418       0x24 d:/workspaces/esat/freertos_esat_masterslave/tools/mingw/gnu_arm_embedded_toolchain/10 2021.10/bin/../lib/gcc/arm-none-eabi/10.3.1/../../../../arm-none-eabi/lib/thumb/v7-m/nofp\libg_nano.a(lib_a-signalr.o)
                0x00005418                _kill_r

.text._getpid_r
                0x0000543c        0x4
 .text._getpid_r
                0x0000543c        0x4 d:/workspaces/esat/freertos_esat_masterslave/tools/mingw/gnu_arm_embedded_toolchain/10 2021.10/bin/../lib/gcc/arm-none-eabi/10.3.1/../../../../arm-none-eabi/lib/thumb/v7-m/nofp\libg_nano.a(lib_a-signalr.o)
                0x0000543c                _getpid_r

.text._fstat_r  0x00005440       0x24
 .text._fstat_r
                0x00005440       0x24 d:/workspaces/esat/freertos_esat_masterslave/tools/mingw/gnu_arm_embedded_toolchain/10 2021.10/bin/../lib/gcc/arm-none-eabi/10.3.1/../../../../arm-none-eabi/lib/thumb/v7-m/nofp\libg_nano.a(lib_a-fstatr.o)
                0x00005440                _fstat_r

.text._isatty_r
                0x00005464       0x20
 .text._isatty_r
                0x00005464       0x20 d:/workspaces/esat/freertos_esat_masterslave/tools/mingw/gnu_arm_embedded_toolchain/10 2021.10/bin/../lib/gcc/arm-none-eabi/10.3.1/../../../../arm-none-eabi/lib/thumb/v7-m/nofp\libg_nano.a(lib_a-isattyr.o)
                0x00005464                _isatty_r

.text.findslot  0x00005484       0x34
 .text.findslot
                0x00005484       0x34 d:/workspaces/esat/freertos_esat_masterslave/tools/mingw/gnu_arm_embedded_toolchain/10 2021.10/bin/../lib/gcc/arm-none-eabi/10.3.1/../../../../arm-none-eabi/lib/thumb/v7-m/nofp\librdimon_nano.a(rdimon-syscalls.o)

.text.error     0x000054b8       0x1c
 .text.error    0x000054b8       0x1c d:/workspaces/esat/freertos_esat_masterslave/tools/mingw/gnu_arm_embedded_toolchain/10 2021.10/bin/../lib/gcc/arm-none-eabi/10.3.1/../../../../arm-none-eabi/lib/thumb/v7-m/nofp\librdimon_nano.a(rdimon-syscalls.o)

.text.checkerror
                0x000054d4        0xa
 .text.checkerror
                0x000054d4        0xa d:/workspaces/esat/freertos_esat_masterslave/tools/mingw/gnu_arm_embedded_toolchain/10 2021.10/bin/../lib/gcc/arm-none-eabi/10.3.1/../../../../arm-none-eabi/lib/thumb/v7-m/nofp\librdimon_nano.a(rdimon-syscalls.o)

.text._swiread  0x000054de       0x20
 .text._swiread
                0x000054de       0x20 d:/workspaces/esat/freertos_esat_masterslave/tools/mingw/gnu_arm_embedded_toolchain/10 2021.10/bin/../lib/gcc/arm-none-eabi/10.3.1/../../../../arm-none-eabi/lib/thumb/v7-m/nofp\librdimon_nano.a(rdimon-syscalls.o)
                0x000054de                _swiread

.text._read     0x000054fe       0x34
 .text._read    0x000054fe       0x34 d:/workspaces/esat/freertos_esat_masterslave/tools/mingw/gnu_arm_embedded_toolchain/10 2021.10/bin/../lib/gcc/arm-none-eabi/10.3.1/../../../../arm-none-eabi/lib/thumb/v7-m/nofp\librdimon_nano.a(rdimon-syscalls.o)
                0x000054fe                _read

.text._swilseek
                0x00005532       0x78
 .text._swilseek
                0x00005532       0x78 d:/workspaces/esat/freertos_esat_masterslave/tools/mingw/gnu_arm_embedded_toolchain/10 2021.10/bin/../lib/gcc/arm-none-eabi/10.3.1/../../../../arm-none-eabi/lib/thumb/v7-m/nofp\librdimon_nano.a(rdimon-syscalls.o)
                0x00005532                _swilseek

.text._lseek    0x000055aa        0x4
 .text._lseek   0x000055aa        0x4 d:/workspaces/esat/freertos_esat_masterslave/tools/mingw/gnu_arm_embedded_toolchain/10 2021.10/bin/../lib/gcc/arm-none-eabi/10.3.1/../../../../arm-none-eabi/lib/thumb/v7-m/nofp\librdimon_nano.a(rdimon-syscalls.o)
                0x000055aa                _lseek

.text._swiwrite
                0x000055ae       0x20
 .text._swiwrite
                0x000055ae       0x20 d:/workspaces/esat/freertos_esat_masterslave/tools/mingw/gnu_arm_embedded_toolchain/10 2021.10/bin/../lib/gcc/arm-none-eabi/10.3.1/../../../../arm-none-eabi/lib/thumb/v7-m/nofp\librdimon_nano.a(rdimon-syscalls.o)
                0x000055ae                _swiwrite

.text._write    0x000055ce       0x40
 .text._write   0x000055ce       0x40 d:/workspaces/esat/freertos_esat_masterslave/tools/mingw/gnu_arm_embedded_toolchain/10 2021.10/bin/../lib/gcc/arm-none-eabi/10.3.1/../../../../arm-none-eabi/lib/thumb/v7-m/nofp\librdimon_nano.a(rdimon-syscalls.o)
                0x000055ce                _write

.text._swiclose
                0x0000560e       0x1a
 .text._swiclose
                0x0000560e       0x1a d:/workspaces/esat/freertos_esat_masterslave/tools/mingw/gnu_arm_embedded_toolchain/10 2021.10/bin/../lib/gcc/arm-none-eabi/10.3.1/../../../../arm-none-eabi/lib/thumb/v7-m/nofp\librdimon_nano.a(rdimon-syscalls.o)
                0x0000560e                _swiclose

.text._close    0x00005628       0x4c
 .text._close   0x00005628       0x4c d:/workspaces/esat/freertos_esat_masterslave/tools/mingw/gnu_arm_embedded_toolchain/10 2021.10/bin/../lib/gcc/arm-none-eabi/10.3.1/../../../../arm-none-eabi/lib/thumb/v7-m/nofp\librdimon_nano.a(rdimon-syscalls.o)
                0x00005628                _close

.text._getpid   0x00005674        0x4
 .text._getpid  0x00005674        0x4 d:/workspaces/esat/freertos_esat_masterslave/tools/mingw/gnu_arm_embedded_toolchain/10 2021.10/bin/../lib/gcc/arm-none-eabi/10.3.1/../../../../arm-none-eabi/lib/thumb/v7-m/nofp\librdimon_nano.a(rdimon-syscalls.o)
                0x00005674                _getpid

.text._sbrk     0x00005678       0x48
 .text._sbrk    0x00005678       0x48 d:/workspaces/esat/freertos_esat_masterslave/tools/mingw/gnu_arm_embedded_toolchain/10 2021.10/bin/../lib/gcc/arm-none-eabi/10.3.1/../../../../arm-none-eabi/lib/thumb/v7-m/nofp\librdimon_nano.a(rdimon-syscalls.o)
                0x00005678                _sbrk

.text._swistat  0x000056c0       0x42
 .text._swistat
                0x000056c0       0x42 d:/workspaces/esat/freertos_esat_masterslave/tools/mingw/gnu_arm_embedded_toolchain/10 2021.10/bin/../lib/gcc/arm-none-eabi/10.3.1/../../../../arm-none-eabi/lib/thumb/v7-m/nofp\librdimon_nano.a(rdimon-syscalls.o)
                0x000056c0                _swistat

.text._fstat    0x00005702       0x1c
 .text._fstat   0x00005702       0x1c d:/workspaces/esat/freertos_esat_masterslave/tools/mingw/gnu_arm_embedded_toolchain/10 2021.10/bin/../lib/gcc/arm-none-eabi/10.3.1/../../../../arm-none-eabi/lib/thumb/v7-m/nofp\librdimon_nano.a(rdimon-syscalls.o)
                0x00005702                _fstat

.text._stat     0x0000571e       0x3a
 .text._stat    0x0000571e       0x3a d:/workspaces/esat/freertos_esat_masterslave/tools/mingw/gnu_arm_embedded_toolchain/10 2021.10/bin/../lib/gcc/arm-none-eabi/10.3.1/../../../../arm-none-eabi/lib/thumb/v7-m/nofp\librdimon_nano.a(rdimon-syscalls.o)
                0x0000571e                _stat

.text._swiopen  0x00005758       0xb4
 .text._swiopen
                0x00005758       0xb4 d:/workspaces/esat/freertos_esat_masterslave/tools/mingw/gnu_arm_embedded_toolchain/10 2021.10/bin/../lib/gcc/arm-none-eabi/10.3.1/../../../../arm-none-eabi/lib/thumb/v7-m/nofp\librdimon_nano.a(rdimon-syscalls.o)
                0x00005758                _swiopen

.text._get_semihosting_exts
                0x0000580c       0xb8
 .text._get_semihosting_exts
                0x0000580c       0xb8 d:/workspaces/esat/freertos_esat_masterslave/tools/mingw/gnu_arm_embedded_toolchain/10 2021.10/bin/../lib/gcc/arm-none-eabi/10.3.1/../../../../arm-none-eabi/lib/thumb/v7-m/nofp\librdimon_nano.a(rdimon-syscalls.o)
                0x0000580c                _get_semihosting_exts

.text.initialise_semihosting_exts
                0x000058c4       0x34
 .text.initialise_semihosting_exts
                0x000058c4       0x34 d:/workspaces/esat/freertos_esat_masterslave/tools/mingw/gnu_arm_embedded_toolchain/10 2021.10/bin/../lib/gcc/arm-none-eabi/10.3.1/../../../../arm-none-eabi/lib/thumb/v7-m/nofp\librdimon_nano.a(rdimon-syscalls.o)

.text._has_ext_exit_extended
                0x000058f8       0x18
 .text._has_ext_exit_extended
                0x000058f8       0x18 d:/workspaces/esat/freertos_esat_masterslave/tools/mingw/gnu_arm_embedded_toolchain/10 2021.10/bin/../lib/gcc/arm-none-eabi/10.3.1/../../../../arm-none-eabi/lib/thumb/v7-m/nofp\librdimon_nano.a(rdimon-syscalls.o)
                0x000058f8                _has_ext_exit_extended

.text._isatty   0x00005910       0x38
 .text._isatty  0x00005910       0x38 d:/workspaces/esat/freertos_esat_masterslave/tools/mingw/gnu_arm_embedded_toolchain/10 2021.10/bin/../lib/gcc/arm-none-eabi/10.3.1/../../../../arm-none-eabi/lib/thumb/v7-m/nofp\librdimon_nano.a(rdimon-syscalls.o)
                0x00005910                _isatty

.text._exit     0x00005948       0x14
 .text._exit    0x00005948       0x14 d:/workspaces/esat/freertos_esat_masterslave/tools/mingw/gnu_arm_embedded_toolchain/10 2021.10/bin/../lib/gcc/arm-none-eabi/10.3.1/../../../../arm-none-eabi/lib/thumb/v7-m/nofp\librdimon_nano.a(rdimon-_exit.o)
                0x00005948                _exit

.text._kill_shared
                0x0000595c       0x26
 .text._kill_shared
                0x0000595c       0x26 d:/workspaces/esat/freertos_esat_masterslave/tools/mingw/gnu_arm_embedded_toolchain/10 2021.10/bin/../lib/gcc/arm-none-eabi/10.3.1/../../../../arm-none-eabi/lib/thumb/v7-m/nofp\librdimon_nano.a(rdimon-_kill.o)
                0x0000595c                _kill_shared

.text._kill     0x00005984       0x18
 .text._kill    0x00005984       0x18 d:/workspaces/esat/freertos_esat_masterslave/tools/mingw/gnu_arm_embedded_toolchain/10 2021.10/bin/../lib/gcc/arm-none-eabi/10.3.1/../../../../arm-none-eabi/lib/thumb/v7-m/nofp\librdimon_nano.a(rdimon-_kill.o)
                0x00005984                _kill

.text.__errno   0x0000599c        0xc
 .text.__errno  0x0000599c        0xc d:/workspaces/esat/freertos_esat_masterslave/tools/mingw/gnu_arm_embedded_toolchain/10 2021.10/bin/../lib/gcc/arm-none-eabi/10.3.1/../../../../arm-none-eabi/lib/thumb/v7-m/nofp\libc_nano.a(lib_a-errno.o)
                0x0000599c                __errno

.rel.dyn        0x000059a8        0x0
 .rel.iplt      0x000059a8        0x0 ./output/tasks.o

.data           0x20000000        0x0
                0x20000000                . = ALIGN (0x8)
                0x20000000                _data = .
                0x20000000                _sdata = .
 *(vtable)
 *(.data)
                0x20000000                _edata = .

.data.uxTopUsedPriority
                0x20000000        0x4
 .data.uxTopUsedPriority
                0x20000000        0x4 ./output/tasks.o
                0x20000000                uxTopUsedPriority

.igot.plt       0x20000004        0x0
 .igot.plt      0x20000004        0x0 ./output/tasks.o

.data.uxCriticalNesting
                0x20000004        0x4
 .data.uxCriticalNesting
                0x20000004        0x4 ./output/port.o

.data.xErrorStatus
                0x20000008        0x4
 .data.xErrorStatus
                0x20000008        0x4 ./output/IntQueue.o

.data._impure_ptr
                0x2000000c        0x4
 .data._impure_ptr
                0x2000000c        0x4 d:/workspaces/esat/freertos_esat_masterslave/tools/mingw/gnu_arm_embedded_toolchain/10 2021.10/bin/../lib/gcc/arm-none-eabi/10.3.1/../../../../arm-none-eabi/lib/thumb/v7-m/nofp\libg_nano.a(lib_a-impure.o)
                0x2000000c                _impure_ptr

.data.impure_data
                0x20000010       0x60
 .data.impure_data
                0x20000010       0x60 d:/workspaces/esat/freertos_esat_masterslave/tools/mingw/gnu_arm_embedded_toolchain/10 2021.10/bin/../lib/gcc/arm-none-eabi/10.3.1/../../../../arm-none-eabi/lib/thumb/v7-m/nofp\libg_nano.a(lib_a-impure.o)

.data.__heap_limit
                0x20000070        0x4
 .data.__heap_limit
                0x20000070        0x4 d:/workspaces/esat/freertos_esat_masterslave/tools/mingw/gnu_arm_embedded_toolchain/10 2021.10/bin/../lib/gcc/arm-none-eabi/10.3.1/../../../../arm-none-eabi/lib/thumb/v7-m/nofp\librdimon_nano.a(rdimon-syscalls.o)
                0x20000070                __heap_limit

.data.supports_ext_exit_extended
                0x20000074        0x4
 .data.supports_ext_exit_extended
                0x20000074        0x4 d:/workspaces/esat/freertos_esat_masterslave/tools/mingw/gnu_arm_embedded_toolchain/10 2021.10/bin/../lib/gcc/arm-none-eabi/10.3.1/../../../../arm-none-eabi/lib/thumb/v7-m/nofp\librdimon_nano.a(rdimon-syscalls.o)

.data.supports_ext_stdout_stderr
                0x20000078        0x4
 .data.supports_ext_stdout_stderr
                0x20000078        0x4 d:/workspaces/esat/freertos_esat_masterslave/tools/mingw/gnu_arm_embedded_toolchain/10 2021.10/bin/../lib/gcc/arm-none-eabi/10.3.1/../../../../arm-none-eabi/lib/thumb/v7-m/nofp\librdimon_nano.a(rdimon-syscalls.o)

.bss            0x2000007c        0x4
                0x20000080                . = ALIGN (0x8)
 *fill*         0x2000007c        0x4 
                0x20000080                _bss = .
                0x20000080                _sbss = .
 *(.bss)
                0x20000080                _ebss = .

.bss.pxCurrentTCB
                0x20000080        0x4
 .bss.pxCurrentTCB
                0x20000080        0x4 ./output/tasks.o
                0x20000080                pxCurrentTCB

.bss.pxReadyTasksLists
                0x20000084       0xb4
 .bss.pxReadyTasksLists
                0x20000084       0xb4 ./output/tasks.o

.bss.xDelayedTaskList1
                0x20000138       0x14
 .bss.xDelayedTaskList1
                0x20000138       0x14 ./output/tasks.o

.bss.xDelayedTaskList2
                0x2000014c       0x14
 .bss.xDelayedTaskList2
                0x2000014c       0x14 ./output/tasks.o

.bss.pxDelayedTaskList
                0x20000160        0x4
 .bss.pxDelayedTaskList
                0x20000160        0x4 ./output/tasks.o

.bss.pxOverflowDelayedTaskList
                0x20000164        0x4
 .bss.pxOverflowDelayedTaskList
                0x20000164        0x4 ./output/tasks.o

.bss.xPendingReadyList
                0x20000168       0x14
 .bss.xPendingReadyList
                0x20000168       0x14 ./output/tasks.o

.bss.xTasksWaitingTermination
                0x2000017c       0x14
 .bss.xTasksWaitingTermination
                0x2000017c       0x14 ./output/tasks.o

.bss.uxDeletedTasksWaitingCleanUp
                0x20000190        0x4
 .bss.uxDeletedTasksWaitingCleanUp
                0x20000190        0x4 ./output/tasks.o

.bss.xSuspendedTaskList
                0x20000194       0x14
 .bss.xSuspendedTaskList
                0x20000194       0x14 ./output/tasks.o

.bss.uxCurrentNumberOfTasks
                0x200001a8        0x4
 .bss.uxCurrentNumberOfTasks
                0x200001a8        0x4 ./output/tasks.o

.bss.xTickCount
                0x200001ac        0x4
 .bss.xTickCount
                0x200001ac        0x4 ./output/tasks.o

.bss.uxTopReadyPriority
                0x200001b0        0x4
 .bss.uxTopReadyPriority
                0x200001b0        0x4 ./output/tasks.o

.bss.xSchedulerRunning
                0x200001b4        0x4
 .bss.xSchedulerRunning
                0x200001b4        0x4 ./output/tasks.o

.bss.xPendedTicks
                0x200001b8        0x4
 .bss.xPendedTicks
                0x200001b8        0x4 ./output/tasks.o

.bss.xYieldPending
                0x200001bc        0x4
 .bss.xYieldPending
                0x200001bc        0x4 ./output/tasks.o

.bss.xNumOfOverflows
                0x200001c0        0x4
 .bss.xNumOfOverflows
                0x200001c0        0x4 ./output/tasks.o

.bss.uxTaskNumber
                0x200001c4        0x4
 .bss.uxTaskNumber
                0x200001c4        0x4 ./output/tasks.o

.bss.xNextTaskUnblockTime
                0x200001c8        0x4
 .bss.xNextTaskUnblockTime
                0x200001c8        0x4 ./output/tasks.o

.bss.xIdleTaskHandle
                0x200001cc        0x4
 .bss.xIdleTaskHandle
                0x200001cc        0x4 ./output/tasks.o

.bss.uxSchedulerSuspended
                0x200001d0        0x4
 .bss.uxSchedulerSuspended
                0x200001d0        0x4 ./output/tasks.o

.bss.xQueueRegistry
                0x200001d4       0x50
 .bss.xQueueRegistry
                0x200001d4       0x50 ./output/queue.o
                0x200001d4                xQueueRegistry

.bss.xActiveTimerList1
                0x20000224       0x14
 .bss.xActiveTimerList1
                0x20000224       0x14 ./output/timers.o

.bss.xActiveTimerList2
                0x20000238       0x14
 .bss.xActiveTimerList2
                0x20000238       0x14 ./output/timers.o

.bss.pxCurrentTimerList
                0x2000024c        0x4
 .bss.pxCurrentTimerList
                0x2000024c        0x4 ./output/timers.o

.bss.pxOverflowTimerList
                0x20000250        0x4
 .bss.pxOverflowTimerList
                0x20000250        0x4 ./output/timers.o

.bss.xTimerQueue
                0x20000254        0x4
 .bss.xTimerQueue
                0x20000254        0x4 ./output/timers.o

.bss.xTimerTaskHandle
                0x20000258        0x4
 .bss.xTimerTaskHandle
                0x20000258        0x4 ./output/timers.o

.bss.xLastTime.2
                0x2000025c        0x4
 .bss.xLastTime.2
                0x2000025c        0x4 ./output/timers.o

.bss.ucStaticTimerQueueStorage.1
                0x20000260      0x140
 .bss.ucStaticTimerQueueStorage.1
                0x20000260      0x140 ./output/timers.o

.bss.xStaticTimerQueue.0
                0x200003a0       0x4c
 .bss.xStaticTimerQueue.0
                0x200003a0       0x4c ./output/timers.o

.bss.ucHeap     0x200003ec     0xf000
 .bss.ucHeap    0x200003ec     0xf000 ./output/heap_4.o

.bss.xStart     0x2000f3ec        0x8
 .bss.xStart    0x2000f3ec        0x8 ./output/heap_4.o

.bss.pxEnd      0x2000f3f4        0x4
 .bss.pxEnd     0x2000f3f4        0x4 ./output/heap_4.o

.bss.xFreeBytesRemaining
                0x2000f3f8        0x4
 .bss.xFreeBytesRemaining
                0x2000f3f8        0x4 ./output/heap_4.o

.bss.xMinimumEverFreeBytesRemaining
                0x2000f3fc        0x4
 .bss.xMinimumEverFreeBytesRemaining
                0x2000f3fc        0x4 ./output/heap_4.o

.bss.xNumberOfSuccessfulAllocations
                0x2000f400        0x4
 .bss.xNumberOfSuccessfulAllocations
                0x2000f400        0x4 ./output/heap_4.o

.bss.xNumberOfSuccessfulFrees
                0x2000f404        0x4
 .bss.xNumberOfSuccessfulFrees
                0x2000f404        0x4 ./output/heap_4.o

.bss.ucMaxSysCallPriority
                0x2000f408        0x1
 .bss.ucMaxSysCallPriority
                0x2000f408        0x1 ./output/port.o

.bss.ulMaxPRIGROUPValue
                0x2000f40c        0x4
 .bss.ulMaxPRIGROUPValue
                0x2000f40c        0x4 ./output/port.o

.bss.xNormallyEmptyQueue
                0x2000f410        0x4
 .bss.xNormallyEmptyQueue
                0x2000f410        0x4 ./output/IntQueue.o

.bss.xNormallyFullQueue
                0x2000f414        0x4
 .bss.xNormallyFullQueue
                0x2000f414        0x4 ./output/IntQueue.o

.bss.xErrorLine
                0x2000f418        0x4
 .bss.xErrorLine
                0x2000f418        0x4 ./output/IntQueue.o

.bss.uxValueForNormallyEmptyQueue
                0x2000f41c        0x4
 .bss.uxValueForNormallyEmptyQueue
                0x2000f41c        0x4 ./output/IntQueue.o

.bss.uxValueForNormallyFullQueue
                0x2000f420        0x4
 .bss.uxValueForNormallyFullQueue
                0x2000f420        0x4 ./output/IntQueue.o

.bss.ucNormallyEmptyReceivedValues
                0x2000f424       0xc8
 .bss.ucNormallyEmptyReceivedValues
                0x2000f424       0xc8 ./output/IntQueue.o

.bss.ucNormallyFullReceivedValues
                0x2000f4ec       0xc8
 .bss.ucNormallyFullReceivedValues
                0x2000f4ec       0xc8 ./output/IntQueue.o

.bss.uxNextOperation.5
                0x2000f5b4        0x4
 .bss.uxNextOperation.5
                0x2000f5b4        0x4 ./output/IntQueue.o

.bss.uxNextOperation.4
                0x2000f5b8        0x4
 .bss.uxNextOperation.4
                0x2000f5b8        0x4 ./output/IntQueue.o

.bss.ulNest     0x2000f5bc        0x4
 .bss.ulNest    0x2000f5bc        0x4 ./output/IntQueueTimer.o
                0x2000f5bc                ulNest

.bss.ulNestCount
                0x2000f5c0        0x4
 .bss.ulNestCount
                0x2000f5c0        0x4 ./output/IntQueueTimer.o
                0x2000f5c0                ulNestCount

.bss.MasterState
                0x2000f5c4        0x1
 .bss.MasterState
                0x2000f5c4        0x1 ./output/ESAT_Master.o
                0x2000f5c4                MasterState

.bss.SlaveState
                0x2000f5c5        0x1
 .bss.SlaveState
                0x2000f5c5        0x1 ./output/ESAT_Slave.o

.bss.ESAT_Error
                0x2000f5c8        0x4
 .bss.ESAT_Error
                0x2000f5c8        0x4 ./output/ESAT_Slave.o

.bss.xIdleTaskTCB.3
                0x2000f5cc       0x5c
 .bss.xIdleTaskTCB.3
                0x2000f5cc       0x5c ./output/main.o

.bss.uxIdleTaskStack.2
                0x2000f628      0x1e0
 .bss.uxIdleTaskStack.2
                0x2000f628      0x1e0 ./output/main.o

.bss.xTimerTaskTCB.1
                0x2000f808       0x5c
 .bss.xTimerTaskTCB.1
                0x2000f808       0x5c ./output/main.o

.bss.uxTimerTaskStack.0
                0x2000f864      0x3c0
 .bss.uxTimerTaskStack.0
                0x2000f864      0x3c0 ./output/main.o

.bss.xQueue     0x2000fc24        0x4
 .bss.xQueue    0x2000fc24        0x4 ./output/main_esatms.o

.bss.xQueue_Slave
                0x2000fc28        0x4
 .bss.xQueue_Slave
                0x2000fc28        0x4 ./output/main_esatms.o

.bss.r0         0x2000fc2c        0x4
 .bss.r0        0x2000fc2c        0x4 ./output/startup_gcc.o
                0x2000fc2c                r0

.bss.r1         0x2000fc30        0x4
 .bss.r1        0x2000fc30        0x4 ./output/startup_gcc.o
                0x2000fc30                r1

.bss.r2         0x2000fc34        0x4
 .bss.r2        0x2000fc34        0x4 ./output/startup_gcc.o
                0x2000fc34                r2

.bss.r3         0x2000fc38        0x4
 .bss.r3        0x2000fc38        0x4 ./output/startup_gcc.o
                0x2000fc38                r3

.bss.r12        0x2000fc3c        0x4
 .bss.r12       0x2000fc3c        0x4 ./output/startup_gcc.o
                0x2000fc3c                r12

.bss.lr         0x2000fc40        0x4
 .bss.lr        0x2000fc40        0x4 ./output/startup_gcc.o
                0x2000fc40                lr

.bss.pc         0x2000fc44        0x4
 .bss.pc        0x2000fc44        0x4 ./output/startup_gcc.o
                0x2000fc44                pc

.bss.psr        0x2000fc48        0x4
 .bss.psr       0x2000fc48        0x4 ./output/startup_gcc.o
                0x2000fc48                psr

.bss.__lock___malloc_recursive_mutex
                0x2000fc4c        0x1
 .bss.__lock___malloc_recursive_mutex
                0x2000fc4c        0x1 d:/workspaces/esat/freertos_esat_masterslave/tools/mingw/gnu_arm_embedded_toolchain/10 2021.10/bin/../lib/gcc/arm-none-eabi/10.3.1/../../../../arm-none-eabi/lib/thumb/v7-m/nofp\libg_nano.a(lib_a-lock.o)
                0x2000fc4c                __lock___malloc_recursive_mutex

.bss.__lock___sfp_recursive_mutex
                0x2000fc4d        0x1
 .bss.__lock___sfp_recursive_mutex
                0x2000fc4d        0x1 d:/workspaces/esat/freertos_esat_masterslave/tools/mingw/gnu_arm_embedded_toolchain/10 2021.10/bin/../lib/gcc/arm-none-eabi/10.3.1/../../../../arm-none-eabi/lib/thumb/v7-m/nofp\libg_nano.a(lib_a-lock.o)
                0x2000fc4d                __lock___sfp_recursive_mutex

.bss.__lock___sinit_recursive_mutex
                0x2000fc4e        0x1
 .bss.__lock___sinit_recursive_mutex
                0x2000fc4e        0x1 d:/workspaces/esat/freertos_esat_masterslave/tools/mingw/gnu_arm_embedded_toolchain/10 2021.10/bin/../lib/gcc/arm-none-eabi/10.3.1/../../../../arm-none-eabi/lib/thumb/v7-m/nofp\libg_nano.a(lib_a-lock.o)
                0x2000fc4e                __lock___sinit_recursive_mutex

.bss.__malloc_free_list
                0x2000fc50        0x4
 .bss.__malloc_free_list
                0x2000fc50        0x4 d:/workspaces/esat/freertos_esat_masterslave/tools/mingw/gnu_arm_embedded_toolchain/10 2021.10/bin/../lib/gcc/arm-none-eabi/10.3.1/../../../../arm-none-eabi/lib/thumb/v7-m/nofp\libg_nano.a(lib_a-nano-mallocr.o)
                0x2000fc50                __malloc_free_list

.bss.__malloc_sbrk_start
                0x2000fc54        0x4
 .bss.__malloc_sbrk_start
                0x2000fc54        0x4 d:/workspaces/esat/freertos_esat_masterslave/tools/mingw/gnu_arm_embedded_toolchain/10 2021.10/bin/../lib/gcc/arm-none-eabi/10.3.1/../../../../arm-none-eabi/lib/thumb/v7-m/nofp\libg_nano.a(lib_a-nano-mallocr.o)
                0x2000fc54                __malloc_sbrk_start

.bss.errno      0x2000fc58        0x4
 .bss.errno     0x2000fc58        0x4 d:/workspaces/esat/freertos_esat_masterslave/tools/mingw/gnu_arm_embedded_toolchain/10 2021.10/bin/../lib/gcc/arm-none-eabi/10.3.1/../../../../arm-none-eabi/lib/thumb/v7-m/nofp\libg_nano.a(lib_a-reent.o)
                0x2000fc58                errno

.bss.heap_end.0
                0x2000fc5c        0x4
 .bss.heap_end.0
                0x2000fc5c        0x4 d:/workspaces/esat/freertos_esat_masterslave/tools/mingw/gnu_arm_embedded_toolchain/10 2021.10/bin/../lib/gcc/arm-none-eabi/10.3.1/../../../../arm-none-eabi/lib/thumb/v7-m/nofp\librdimon_nano.a(rdimon-syscalls.o)

.bss.openfiles  0x2000fc60       0xa0
 .bss.openfiles
                0x2000fc60       0xa0 d:/workspaces/esat/freertos_esat_masterslave/tools/mingw/gnu_arm_embedded_toolchain/10 2021.10/bin/../lib/gcc/arm-none-eabi/10.3.1/../../../../arm-none-eabi/lib/thumb/v7-m/nofp\librdimon_nano.a(rdimon-syscalls.o)

.heap           0x2000fd00      0x408
                0x2000fd00                . = ALIGN (0x8)
                0x2000fd00                PROVIDE (end = .)
                [!provide]                PROVIDE (_end = .)
                0x2000fd00                _heap_bottom = .
                0x2000fd08                . = (. + _Min_Heap_Size)
 *fill*         0x2000fd00        0x8 
                0x2000fd08                _heap_top = .
                0x20010108                . = (. + _Min_Stack_Size)
 *fill*         0x2000fd08      0x400 
                0x20010108                . = ALIGN (0x8)
                0x20400000                __StackTop = (ORIGIN (RAM) + LENGTH (RAM))
                0x203ffc00                __StackLimit = (__StackTop - _Min_Stack_Size)
                [!provide]                PROVIDE (__stack = __StackTop)
                0x00000001                ASSERT ((__StackLimit >= _heap_top), region RAM overflowed with stack)
START GROUP
LOAD d:/workspaces/esat/freertos_esat_masterslave/tools/mingw/gnu_arm_embedded_toolchain/10 2021.10/bin/../lib/gcc/arm-none-eabi/10.3.1/thumb/v7-m/nofp\libgcc.a
LOAD d:/workspaces/esat/freertos_esat_masterslave/tools/mingw/gnu_arm_embedded_toolchain/10 2021.10/bin/../lib/gcc/arm-none-eabi/10.3.1/../../../../arm-none-eabi/lib/thumb/v7-m/nofp\libg_nano.a
LOAD d:/workspaces/esat/freertos_esat_masterslave/tools/mingw/gnu_arm_embedded_toolchain/10 2021.10/bin/../lib/gcc/arm-none-eabi/10.3.1/../../../../arm-none-eabi/lib/thumb/v7-m/nofp\libc_nano.a
END GROUP
START GROUP
LOAD d:/workspaces/esat/freertos_esat_masterslave/tools/mingw/gnu_arm_embedded_toolchain/10 2021.10/bin/../lib/gcc/arm-none-eabi/10.3.1/thumb/v7-m/nofp\libgcc.a
LOAD d:/workspaces/esat/freertos_esat_masterslave/tools/mingw/gnu_arm_embedded_toolchain/10 2021.10/bin/../lib/gcc/arm-none-eabi/10.3.1/../../../../arm-none-eabi/lib/thumb/v7-m/nofp\libc_nano.a
LOAD d:/workspaces/esat/freertos_esat_masterslave/tools/mingw/gnu_arm_embedded_toolchain/10 2021.10/bin/../lib/gcc/arm-none-eabi/10.3.1/../../../../arm-none-eabi/lib/thumb/v7-m/nofp\librdimon_nano.a
LOAD d:/workspaces/esat/freertos_esat_masterslave/tools/mingw/gnu_arm_embedded_toolchain/10 2021.10/bin/../lib/gcc/arm-none-eabi/10.3.1/../../../../arm-none-eabi/lib/thumb/v7-m/nofp\libnosys.a
END GROUP
START GROUP
LOAD d:/workspaces/esat/freertos_esat_masterslave/tools/mingw/gnu_arm_embedded_toolchain/10 2021.10/bin/../lib/gcc/arm-none-eabi/10.3.1/thumb/v7-m/nofp\libgcc.a
LOAD d:/workspaces/esat/freertos_esat_masterslave/tools/mingw/gnu_arm_embedded_toolchain/10 2021.10/bin/../lib/gcc/arm-none-eabi/10.3.1/../../../../arm-none-eabi/lib/thumb/v7-m/nofp\libc_nano.a
LOAD d:/workspaces/esat/freertos_esat_masterslave/tools/mingw/gnu_arm_embedded_toolchain/10 2021.10/bin/../lib/gcc/arm-none-eabi/10.3.1/../../../../arm-none-eabi/lib/thumb/v7-m/nofp\libnosys.a
END GROUP
START GROUP
LOAD d:/workspaces/esat/freertos_esat_masterslave/tools/mingw/gnu_arm_embedded_toolchain/10 2021.10/bin/../lib/gcc/arm-none-eabi/10.3.1/thumb/v7-m/nofp\libgcc.a
LOAD d:/workspaces/esat/freertos_esat_masterslave/tools/mingw/gnu_arm_embedded_toolchain/10 2021.10/bin/../lib/gcc/arm-none-eabi/10.3.1/../../../../arm-none-eabi/lib/thumb/v7-m/nofp\libc_nano.a
LOAD d:/workspaces/esat/freertos_esat_masterslave/tools/mingw/gnu_arm_embedded_toolchain/10 2021.10/bin/../lib/gcc/arm-none-eabi/10.3.1/../../../../arm-none-eabi/lib/thumb/v7-m/nofp\librdimon_nano.a
END GROUP
OUTPUT(./output/RTOSDemo.out elf32-littlearm)
LOAD linker stubs

.debug_info     0x00000000     0x7dfd
 .debug_info    0x00000000     0x20f6 ./output/tasks.o
 .debug_info    0x000020f6      0x2c5 ./output/list.o
 .debug_info    0x000023bb     0x17b3 ./output/queue.o
 .debug_info    0x00003b6e     0x10b7 ./output/timers.o
 .debug_info    0x00004c25      0x463 ./output/heap_4.o
 .debug_info    0x00005088      0x3b3 ./output/port.o
 .debug_info    0x0000543b      0x903 ./output/IntQueue.o
 .debug_info    0x00005d3e      0x5c9 ./output/IntQueueTimer.o
 .debug_info    0x00006307      0x24f ./output/ESAT_Master.o
 .debug_info    0x00006556      0x286 ./output/ESAT_Slave.o
 .debug_info    0x000067dc      0x544 ./output/main.o
 .debug_info    0x00006d20      0x257 ./output/main_esatms.o
 .debug_info    0x00006f77      0xa3d ./output/startup_gcc.o
 .debug_info    0x000079b4      0x449 ./output/printf-stdarg.o

.debug_abbrev   0x00000000     0x190b
 .debug_abbrev  0x00000000      0x304 ./output/tasks.o
 .debug_abbrev  0x00000304       0xf2 ./output/list.o
 .debug_abbrev  0x000003f6      0x28b ./output/queue.o
 .debug_abbrev  0x00000681      0x241 ./output/timers.o
 .debug_abbrev  0x000008c2      0x193 ./output/heap_4.o
 .debug_abbrev  0x00000a55      0x207 ./output/port.o
 .debug_abbrev  0x00000c5c      0x206 ./output/IntQueue.o
 .debug_abbrev  0x00000e62      0x1b4 ./output/IntQueueTimer.o
 .debug_abbrev  0x00001016      0x11c ./output/ESAT_Master.o
 .debug_abbrev  0x00001132      0x12d ./output/ESAT_Slave.o
 .debug_abbrev  0x0000125f      0x213 ./output/main.o
 .debug_abbrev  0x00001472       0xf2 ./output/main_esatms.o
 .debug_abbrev  0x00001564      0x244 ./output/startup_gcc.o
 .debug_abbrev  0x000017a8      0x163 ./output/printf-stdarg.o

.debug_aranges  0x00000000      0x7e8
 .debug_aranges
                0x00000000      0x200 ./output/tasks.o
 .debug_aranges
                0x00000200       0x40 ./output/list.o
 .debug_aranges
                0x00000240      0x170 ./output/queue.o
 .debug_aranges
                0x000003b0       0xf0 ./output/timers.o
 .debug_aranges
                0x000004a0       0x60 ./output/heap_4.o
 .debug_aranges
                0x00000500       0x78 ./output/port.o
 .debug_aranges
                0x00000578       0x78 ./output/IntQueue.o
 .debug_aranges
                0x000005f0       0x40 ./output/IntQueueTimer.o
 .debug_aranges
                0x00000630       0x38 ./output/ESAT_Master.o
 .debug_aranges
                0x00000668       0x40 ./output/ESAT_Slave.o
 .debug_aranges
                0x000006a8       0x80 ./output/main.o
 .debug_aranges
                0x00000728       0x30 ./output/main_esatms.o
 .debug_aranges
                0x00000758       0x38 ./output/startup_gcc.o
 .debug_aranges
                0x00000790       0x58 ./output/printf-stdarg.o

.debug_ranges   0x00000000      0x708
 .debug_ranges  0x00000000      0x1f0 ./output/tasks.o
 .debug_ranges  0x000001f0       0x30 ./output/list.o
 .debug_ranges  0x00000220      0x160 ./output/queue.o
 .debug_ranges  0x00000380       0xe0 ./output/timers.o
 .debug_ranges  0x00000460       0x50 ./output/heap_4.o
 .debug_ranges  0x000004b0       0x68 ./output/port.o
 .debug_ranges  0x00000518       0x68 ./output/IntQueue.o
 .debug_ranges  0x00000580       0x30 ./output/IntQueueTimer.o
 .debug_ranges  0x000005b0       0x28 ./output/ESAT_Master.o
 .debug_ranges  0x000005d8       0x30 ./output/ESAT_Slave.o
 .debug_ranges  0x00000608       0x70 ./output/main.o
 .debug_ranges  0x00000678       0x20 ./output/main_esatms.o
 .debug_ranges  0x00000698       0x28 ./output/startup_gcc.o
 .debug_ranges  0x000006c0       0x48 ./output/printf-stdarg.o

.debug_macro    0x00000000     0x5acf
 .debug_macro   0x00000000      0x252 ./output/tasks.o
 .debug_macro   0x00000252      0xa5a ./output/tasks.o
 .debug_macro   0x00000cac       0x18 ./output/tasks.o
 .debug_macro   0x00000cc4       0x22 ./output/tasks.o
 .debug_macro   0x00000ce6       0x5e ./output/tasks.o
 .debug_macro   0x00000d44       0x94 ./output/tasks.o
 .debug_macro   0x00000dd8       0x35 ./output/tasks.o
 .debug_macro   0x00000e0d       0x34 ./output/tasks.o
 .debug_macro   0x00000e41       0x16 ./output/tasks.o
 .debug_macro   0x00000e57      0x10e ./output/tasks.o
 .debug_macro   0x00000f65       0x8d ./output/tasks.o
 .debug_macro   0x00000ff2       0x16 ./output/tasks.o
 .debug_macro   0x00001008       0x43 ./output/tasks.o
 .debug_macro   0x0000104b       0x57 ./output/tasks.o
 .debug_macro   0x000010a2       0x34 ./output/tasks.o
 .debug_macro   0x000010d6       0x10 ./output/tasks.o
 .debug_macro   0x000010e6       0x58 ./output/tasks.o
 .debug_macro   0x0000113e      0x182 ./output/tasks.o
 .debug_macro   0x000012c0      0x341 ./output/tasks.o
 .debug_macro   0x00001601       0x16 ./output/tasks.o
 .debug_macro   0x00001617       0x29 ./output/tasks.o
 .debug_macro   0x00001640       0x16 ./output/tasks.o
 .debug_macro   0x00001656       0x35 ./output/tasks.o
 .debug_macro   0x0000168b      0x34e ./output/tasks.o
 .debug_macro   0x000019d9      0x14e ./output/tasks.o
 .debug_macro   0x00001b27      0x15a ./output/tasks.o
 .debug_macro   0x00001c81       0xe4 ./output/tasks.o
 .debug_macro   0x00001d65       0x28 ./output/tasks.o
 .debug_macro   0x00001d8d       0x1f ./output/tasks.o
 .debug_macro   0x00001dac       0x12 ./output/tasks.o
 .debug_macro   0x00001dbe      0x4cb ./output/tasks.o
 .debug_macro   0x00002289       0xc3 ./output/tasks.o
 .debug_macro   0x0000234c      0x120 ./output/tasks.o
 .debug_macro   0x0000246c       0x91 ./output/tasks.o
 .debug_macro   0x000024fd       0x16 ./output/tasks.o
 .debug_macro   0x00002513      0x171 ./output/list.o
 .debug_macro   0x00002684      0x203 ./output/queue.o
 .debug_macro   0x00002887       0x87 ./output/queue.o
 .debug_macro   0x0000290e      0x1c0 ./output/timers.o
 .debug_macro   0x00002ace       0x97 ./output/timers.o
 .debug_macro   0x00002b65      0x1ed ./output/heap_4.o
 .debug_macro   0x00002d52      0x144 ./output/port.o
 .debug_macro   0x00002e96      0x1fa ./output/IntQueue.o
 .debug_macro   0x00003090       0xfc ./output/IntQueueTimer.o
 .debug_macro   0x0000318c       0x22 ./output/IntQueueTimer.o
 .debug_macro   0x000031ae       0x1c ./output/IntQueueTimer.o
 .debug_macro   0x000031ca       0x22 ./output/IntQueueTimer.o
 .debug_macro   0x000031ec       0xd6 ./output/IntQueueTimer.o
 .debug_macro   0x000032c2      0xe2d ./output/IntQueueTimer.o
 .debug_macro   0x000040ef      0x11f ./output/IntQueueTimer.o
 .debug_macro   0x0000420e      0x7b3 ./output/IntQueueTimer.o
 .debug_macro   0x000049c1      0x4a6 ./output/IntQueueTimer.o
 .debug_macro   0x00004e67      0x1c2 ./output/ESAT_Master.o
 .debug_macro   0x00005029       0x22 ./output/ESAT_Master.o
 .debug_macro   0x0000504b      0x225 ./output/ESAT_Slave.o
 .debug_macro   0x00005270       0x1c ./output/ESAT_Slave.o
 .debug_macro   0x0000528c       0x16 ./output/ESAT_Slave.o
 .debug_macro   0x000052a2       0x10 ./output/ESAT_Slave.o
 .debug_macro   0x000052b2       0x10 ./output/ESAT_Slave.o
 .debug_macro   0x000052c2       0x35 ./output/ESAT_Slave.o
 .debug_macro   0x000052f7      0x265 ./output/main.o
 .debug_macro   0x0000555c      0x26d ./output/main_esatms.o
 .debug_macro   0x000057c9       0x8d ./output/main_esatms.o
 .debug_macro   0x00005856       0x28 ./output/main_esatms.o
 .debug_macro   0x0000587e      0x1bb ./output/startup_gcc.o
 .debug_macro   0x00005a39       0x3e ./output/printf-stdarg.o
 .debug_macro   0x00005a77       0x58 ./output/printf-stdarg.o

.debug_line     0x00000000     0x754c
 .debug_line    0x00000000     0x1945 ./output/tasks.o
 .debug_line    0x00001945      0x52e ./output/list.o
 .debug_line    0x00001e73     0x1428 ./output/queue.o
 .debug_line    0x0000329b      0xa26 ./output/timers.o
 .debug_line    0x00003cc1      0x77f ./output/heap_4.o
 .debug_line    0x00004440      0x43d ./output/port.o
 .debug_line    0x0000487d      0x9e3 ./output/IntQueue.o
 .debug_line    0x00005260      0x3bc ./output/IntQueueTimer.o
 .debug_line    0x0000561c      0x4fb ./output/ESAT_Master.o
 .debug_line    0x00005b17      0x547 ./output/ESAT_Slave.o
 .debug_line    0x0000605e      0x6b4 ./output/main.o
 .debug_line    0x00006712      0x5ca ./output/main_esatms.o
 .debug_line    0x00006cdc      0x422 ./output/startup_gcc.o
 .debug_line    0x000070fe      0x44e ./output/printf-stdarg.o

.debug_str      0x00000000    0x1dd92
 .debug_str     0x00000000     0xd3e0 ./output/tasks.o
                               0xd704 (size before relaxing)
 .debug_str     0x0000d3e0       0xaa ./output/list.o
                               0xa533 (size before relaxing)
 .debug_str     0x0000d48a     0x13bd ./output/queue.o
                               0xcce5 (size before relaxing)
 .debug_str     0x0000e847      0x656 ./output/timers.o
                               0xcfa0 (size before relaxing)
 .debug_str     0x0000ee9d      0x5d6 ./output/heap_4.o
                               0xbc8e (size before relaxing)
 .debug_str     0x0000f473      0x778 ./output/port.o
                               0x91e0 (size before relaxing)
 .debug_str     0x0000fbeb      0xb14 ./output/IntQueue.o
                               0xc961 (size before relaxing)
 .debug_str     0x000106ff     0xb49c ./output/IntQueueTimer.o
                              0x1217e (size before relaxing)
 .debug_str     0x0001bb9b     0x13b7 ./output/ESAT_Master.o
                               0x79d0 (size before relaxing)
 .debug_str     0x0001cf52      0x201 ./output/ESAT_Slave.o
                               0x7bc0 (size before relaxing)
 .debug_str     0x0001d153      0x3d1 ./output/main.o
                               0xcbd1 (size before relaxing)
 .debug_str     0x0001d524      0x1c3 ./output/main_esatms.o
                               0xd9d4 (size before relaxing)
 .debug_str     0x0001d6e7      0x4c8 ./output/startup_gcc.o
                               0x7c48 (size before relaxing)
 .debug_str     0x0001dbaf      0x1e3 ./output/printf-stdarg.o
                               0x2f33 (size before relaxing)

.comment        0x00000000       0x49
 .comment       0x00000000       0x49 ./output/tasks.o
                                 0x4a (size before relaxing)
 .comment       0x00000049       0x4a ./output/list.o
 .comment       0x00000049       0x4a ./output/queue.o
 .comment       0x00000049       0x4a ./output/timers.o
 .comment       0x00000049       0x4a ./output/heap_4.o
 .comment       0x00000049       0x4a ./output/port.o
 .comment       0x00000049       0x4a ./output/IntQueue.o
 .comment       0x00000049       0x4a ./output/IntQueueTimer.o
 .comment       0x00000049       0x4a ./output/ESAT_Master.o
 .comment       0x00000049       0x4a ./output/ESAT_Slave.o
 .comment       0x00000049       0x4a ./output/main.o
 .comment       0x00000049       0x4a ./output/main_esatms.o
 .comment       0x00000049       0x4a ./output/startup_gcc.o
 .comment       0x00000049       0x4a ./output/printf-stdarg.o

.ARM.attributes
                0x00000000       0x2b
 .ARM.attributes
                0x00000000       0x2d ./output/tasks.o
 .ARM.attributes
                0x0000002d       0x2d ./output/list.o
 .ARM.attributes
                0x0000005a       0x2d ./output/queue.o
 .ARM.attributes
                0x00000087       0x2d ./output/timers.o
 .ARM.attributes
                0x000000b4       0x2d ./output/heap_4.o
 .ARM.attributes
                0x000000e1       0x2d ./output/port.o
 .ARM.attributes
                0x0000010e       0x2d ./output/IntQueue.o
 .ARM.attributes
                0x0000013b       0x2d ./output/IntQueueTimer.o
 .ARM.attributes
                0x00000168       0x2d ./output/ESAT_Master.o
 .ARM.attributes
                0x00000195       0x2d ./output/ESAT_Slave.o
 .ARM.attributes
                0x000001c2       0x2d ./output/main.o
 .ARM.attributes
                0x000001ef       0x2d ./output/main_esatms.o
 .ARM.attributes
                0x0000021c       0x2d ./output/startup_gcc.o
 .ARM.attributes
                0x00000249       0x2d ./output/printf-stdarg.o
 .ARM.attributes
                0x00000276       0x2d d:/workspaces/esat/freertos_esat_masterslave/tools/mingw/gnu_arm_embedded_toolchain/10 2021.10/bin/../lib/gcc/arm-none-eabi/10.3.1/../../../../arm-none-eabi/lib/thumb/v7-m/nofp\libg_nano.a(lib_a-fflush.o)
 .ARM.attributes
                0x000002a3       0x2d d:/workspaces/esat/freertos_esat_masterslave/tools/mingw/gnu_arm_embedded_toolchain/10 2021.10/bin/../lib/gcc/arm-none-eabi/10.3.1/../../../../arm-none-eabi/lib/thumb/v7-m/nofp\libg_nano.a(lib_a-findfp.o)
 .ARM.attributes
                0x000002d0       0x2d d:/workspaces/esat/freertos_esat_masterslave/tools/mingw/gnu_arm_embedded_toolchain/10 2021.10/bin/../lib/gcc/arm-none-eabi/10.3.1/../../../../arm-none-eabi/lib/thumb/v7-m/nofp\libg_nano.a(lib_a-fwalk.o)
 .ARM.attributes
                0x000002fd       0x2d d:/workspaces/esat/freertos_esat_masterslave/tools/mingw/gnu_arm_embedded_toolchain/10 2021.10/bin/../lib/gcc/arm-none-eabi/10.3.1/../../../../arm-none-eabi/lib/thumb/v7-m/nofp\libg_nano.a(lib_a-impure.o)
 .ARM.attributes
                0x0000032a       0x2d d:/workspaces/esat/freertos_esat_masterslave/tools/mingw/gnu_arm_embedded_toolchain/10 2021.10/bin/../lib/gcc/arm-none-eabi/10.3.1/../../../../arm-none-eabi/lib/thumb/v7-m/nofp\libg_nano.a(lib_a-lock.o)
 .ARM.attributes
                0x00000357       0x2d d:/workspaces/esat/freertos_esat_masterslave/tools/mingw/gnu_arm_embedded_toolchain/10 2021.10/bin/../lib/gcc/arm-none-eabi/10.3.1/../../../../arm-none-eabi/lib/thumb/v7-m/nofp\libg_nano.a(lib_a-memcpy-stub.o)
 .ARM.attributes
                0x00000384       0x2d d:/workspaces/esat/freertos_esat_masterslave/tools/mingw/gnu_arm_embedded_toolchain/10 2021.10/bin/../lib/gcc/arm-none-eabi/10.3.1/../../../../arm-none-eabi/lib/thumb/v7-m/nofp\libg_nano.a(lib_a-memset.o)
 .ARM.attributes
                0x000003b1       0x2d d:/workspaces/esat/freertos_esat_masterslave/tools/mingw/gnu_arm_embedded_toolchain/10 2021.10/bin/../lib/gcc/arm-none-eabi/10.3.1/../../../../arm-none-eabi/lib/thumb/v7-m/nofp\libg_nano.a(lib_a-nano-freer.o)
 .ARM.attributes
                0x000003de       0x2d d:/workspaces/esat/freertos_esat_masterslave/tools/mingw/gnu_arm_embedded_toolchain/10 2021.10/bin/../lib/gcc/arm-none-eabi/10.3.1/../../../../arm-none-eabi/lib/thumb/v7-m/nofp\libg_nano.a(lib_a-nano-mallocr.o)
 .ARM.attributes
                0x0000040b       0x2d d:/workspaces/esat/freertos_esat_masterslave/tools/mingw/gnu_arm_embedded_toolchain/10 2021.10/bin/../lib/gcc/arm-none-eabi/10.3.1/../../../../arm-none-eabi/lib/thumb/v7-m/nofp\libg_nano.a(lib_a-rand.o)
 .ARM.attributes
                0x00000438       0x2d d:/workspaces/esat/freertos_esat_masterslave/tools/mingw/gnu_arm_embedded_toolchain/10 2021.10/bin/../lib/gcc/arm-none-eabi/10.3.1/../../../../arm-none-eabi/lib/thumb/v7-m/nofp\libg_nano.a(lib_a-sbrkr.o)
 .ARM.attributes
                0x00000465       0x2d d:/workspaces/esat/freertos_esat_masterslave/tools/mingw/gnu_arm_embedded_toolchain/10 2021.10/bin/../lib/gcc/arm-none-eabi/10.3.1/../../../../arm-none-eabi/lib/thumb/v7-m/nofp\libg_nano.a(lib_a-stdio.o)
 .ARM.attributes
                0x00000492       0x17 d:/workspaces/esat/freertos_esat_masterslave/tools/mingw/gnu_arm_embedded_toolchain/10 2021.10/bin/../lib/gcc/arm-none-eabi/10.3.1/../../../../arm-none-eabi/lib/thumb/v7-m/nofp\libg_nano.a(lib_a-strlen.o)
 .ARM.attributes
                0x000004a9       0x2d d:/workspaces/esat/freertos_esat_masterslave/tools/mingw/gnu_arm_embedded_toolchain/10 2021.10/bin/../lib/gcc/arm-none-eabi/10.3.1/../../../../arm-none-eabi/lib/thumb/v7-m/nofp\libg_nano.a(lib_a-writer.o)
 .ARM.attributes
                0x000004d6       0x2d d:/workspaces/esat/freertos_esat_masterslave/tools/mingw/gnu_arm_embedded_toolchain/10 2021.10/bin/../lib/gcc/arm-none-eabi/10.3.1/../../../../arm-none-eabi/lib/thumb/v7-m/nofp\libg_nano.a(lib_a-assert.o)
 .ARM.attributes
                0x00000503       0x2d d:/workspaces/esat/freertos_esat_masterslave/tools/mingw/gnu_arm_embedded_toolchain/10 2021.10/bin/../lib/gcc/arm-none-eabi/10.3.1/../../../../arm-none-eabi/lib/thumb/v7-m/nofp\libg_nano.a(lib_a-closer.o)
 .ARM.attributes
                0x00000530       0x2d d:/workspaces/esat/freertos_esat_masterslave/tools/mingw/gnu_arm_embedded_toolchain/10 2021.10/bin/../lib/gcc/arm-none-eabi/10.3.1/../../../../arm-none-eabi/lib/thumb/v7-m/nofp\libg_nano.a(lib_a-fprintf.o)
 .ARM.attributes
                0x0000055d       0x2d d:/workspaces/esat/freertos_esat_masterslave/tools/mingw/gnu_arm_embedded_toolchain/10 2021.10/bin/../lib/gcc/arm-none-eabi/10.3.1/../../../../arm-none-eabi/lib/thumb/v7-m/nofp\libg_nano.a(lib_a-lseekr.o)
 .ARM.attributes
                0x0000058a       0x2d d:/workspaces/esat/freertos_esat_masterslave/tools/mingw/gnu_arm_embedded_toolchain/10 2021.10/bin/../lib/gcc/arm-none-eabi/10.3.1/../../../../arm-none-eabi/lib/thumb/v7-m/nofp\libg_nano.a(lib_a-mlock.o)
 .ARM.attributes
                0x000005b7       0x2d d:/workspaces/esat/freertos_esat_masterslave/tools/mingw/gnu_arm_embedded_toolchain/10 2021.10/bin/../lib/gcc/arm-none-eabi/10.3.1/../../../../arm-none-eabi/lib/thumb/v7-m/nofp\libg_nano.a(lib_a-nano-vfprintf.o)
 .ARM.attributes
                0x000005e4       0x2d d:/workspaces/esat/freertos_esat_masterslave/tools/mingw/gnu_arm_embedded_toolchain/10 2021.10/bin/../lib/gcc/arm-none-eabi/10.3.1/../../../../arm-none-eabi/lib/thumb/v7-m/nofp\libg_nano.a(lib_a-nano-vfprintf_i.o)
 .ARM.attributes
                0x00000611       0x2d d:/workspaces/esat/freertos_esat_masterslave/tools/mingw/gnu_arm_embedded_toolchain/10 2021.10/bin/../lib/gcc/arm-none-eabi/10.3.1/../../../../arm-none-eabi/lib/thumb/v7-m/nofp\libg_nano.a(lib_a-readr.o)
 .ARM.attributes
                0x0000063e       0x2d d:/workspaces/esat/freertos_esat_masterslave/tools/mingw/gnu_arm_embedded_toolchain/10 2021.10/bin/../lib/gcc/arm-none-eabi/10.3.1/../../../../arm-none-eabi/lib/thumb/v7-m/nofp\libg_nano.a(lib_a-reent.o)
 .ARM.attributes
                0x0000066b       0x2d d:/workspaces/esat/freertos_esat_masterslave/tools/mingw/gnu_arm_embedded_toolchain/10 2021.10/bin/../lib/gcc/arm-none-eabi/10.3.1/../../../../arm-none-eabi/lib/thumb/v7-m/nofp\libg_nano.a(lib_a-wbuf.o)
 .ARM.attributes
                0x00000698       0x2d d:/workspaces/esat/freertos_esat_masterslave/tools/mingw/gnu_arm_embedded_toolchain/10 2021.10/bin/../lib/gcc/arm-none-eabi/10.3.1/../../../../arm-none-eabi/lib/thumb/v7-m/nofp\libg_nano.a(lib_a-wsetup.o)
 .ARM.attributes
                0x000006c5       0x2d d:/workspaces/esat/freertos_esat_masterslave/tools/mingw/gnu_arm_embedded_toolchain/10 2021.10/bin/../lib/gcc/arm-none-eabi/10.3.1/../../../../arm-none-eabi/lib/thumb/v7-m/nofp\libg_nano.a(lib_a-abort.o)
 .ARM.attributes
                0x000006f2       0x2d d:/workspaces/esat/freertos_esat_masterslave/tools/mingw/gnu_arm_embedded_toolchain/10 2021.10/bin/../lib/gcc/arm-none-eabi/10.3.1/../../../../arm-none-eabi/lib/thumb/v7-m/nofp\libg_nano.a(lib_a-makebuf.o)
 .ARM.attributes
                0x0000071f       0x2d d:/workspaces/esat/freertos_esat_masterslave/tools/mingw/gnu_arm_embedded_toolchain/10 2021.10/bin/../lib/gcc/arm-none-eabi/10.3.1/../../../../arm-none-eabi/lib/thumb/v7-m/nofp\libg_nano.a(lib_a-memchr-stub.o)
 .ARM.attributes
                0x0000074c       0x2d d:/workspaces/esat/freertos_esat_masterslave/tools/mingw/gnu_arm_embedded_toolchain/10 2021.10/bin/../lib/gcc/arm-none-eabi/10.3.1/../../../../arm-none-eabi/lib/thumb/v7-m/nofp\libg_nano.a(lib_a-signal.o)
 .ARM.attributes
                0x00000779       0x2d d:/workspaces/esat/freertos_esat_masterslave/tools/mingw/gnu_arm_embedded_toolchain/10 2021.10/bin/../lib/gcc/arm-none-eabi/10.3.1/../../../../arm-none-eabi/lib/thumb/v7-m/nofp\libg_nano.a(lib_a-signalr.o)
 .ARM.attributes
                0x000007a6       0x2d d:/workspaces/esat/freertos_esat_masterslave/tools/mingw/gnu_arm_embedded_toolchain/10 2021.10/bin/../lib/gcc/arm-none-eabi/10.3.1/../../../../arm-none-eabi/lib/thumb/v7-m/nofp\libg_nano.a(lib_a-fstatr.o)
 .ARM.attributes
                0x000007d3       0x2d d:/workspaces/esat/freertos_esat_masterslave/tools/mingw/gnu_arm_embedded_toolchain/10 2021.10/bin/../lib/gcc/arm-none-eabi/10.3.1/../../../../arm-none-eabi/lib/thumb/v7-m/nofp\libg_nano.a(lib_a-isattyr.o)
 .ARM.attributes
                0x00000800       0x2d d:/workspaces/esat/freertos_esat_masterslave/tools/mingw/gnu_arm_embedded_toolchain/10 2021.10/bin/../lib/gcc/arm-none-eabi/10.3.1/../../../../arm-none-eabi/lib/thumb/v7-m/nofp\librdimon_nano.a(rdimon-syscalls.o)
 .ARM.attributes
                0x0000082d       0x2d d:/workspaces/esat/freertos_esat_masterslave/tools/mingw/gnu_arm_embedded_toolchain/10 2021.10/bin/../lib/gcc/arm-none-eabi/10.3.1/../../../../arm-none-eabi/lib/thumb/v7-m/nofp\librdimon_nano.a(rdimon-_exit.o)
 .ARM.attributes